Archive member included to satisfy reference by file (symbol)

c:/program files (x86)/atmel/studio/7.0/toolchain/arm/arm-gnu-toolchain/bin/../lib/gcc/arm-none-eabi/6.3.1/thumb/v6-m\libgcc.a(_udivsi3.o)
                              src/ASF/common2/services/delay/sam0/systick_counter.o (__aeabi_uidiv)
c:/program files (x86)/atmel/studio/7.0/toolchain/arm/arm-gnu-toolchain/bin/../lib/gcc/arm-none-eabi/6.3.1/thumb/v6-m\libgcc.a(_divsi3.o)
                              src/ASF/thirdparty/fatfs/fatfs-r0.09/src/ff.o (__aeabi_idiv)
c:/program files (x86)/atmel/studio/7.0/toolchain/arm/arm-gnu-toolchain/bin/../lib/gcc/arm-none-eabi/6.3.1/thumb/v6-m\libgcc.a(_dvmd_tls.o)
                              c:/program files (x86)/atmel/studio/7.0/toolchain/arm/arm-gnu-toolchain/bin/../lib/gcc/arm-none-eabi/6.3.1/thumb/v6-m\libgcc.a(_udivsi3.o) (__aeabi_idiv0)
c:/program files (x86)/atmel/studio/7.0/toolchain/arm/arm-gnu-toolchain/bin/../lib/gcc/arm-none-eabi/6.3.1/thumb/v6-m\libgcc.a(_muldi3.o)
                              src/ASF/sam0/drivers/sercom/sercom.o (__aeabi_lmul)
c:/program files (x86)/atmel/studio/7.0/toolchain/arm/arm-gnu-toolchain/bin/../lib/gcc/arm-none-eabi/6.3.1/../../../../arm-none-eabi/lib/thumb/v6-m\libc_nano.a(lib_a-exit.o)
                              c:/program files (x86)/atmel/studio/7.0/toolchain/arm/arm-gnu-toolchain/bin/../lib/gcc/arm-none-eabi/6.3.1/../../../../arm-none-eabi/lib/thumb/v6-m/crt0.o (exit)
c:/program files (x86)/atmel/studio/7.0/toolchain/arm/arm-gnu-toolchain/bin/../lib/gcc/arm-none-eabi/6.3.1/../../../../arm-none-eabi/lib/thumb/v6-m\libc_nano.a(lib_a-impure.o)
                              c:/program files (x86)/atmel/studio/7.0/toolchain/arm/arm-gnu-toolchain/bin/../lib/gcc/arm-none-eabi/6.3.1/../../../../arm-none-eabi/lib/thumb/v6-m\libc_nano.a(lib_a-exit.o) (_global_impure_ptr)
c:/program files (x86)/atmel/studio/7.0/toolchain/arm/arm-gnu-toolchain/bin/../lib/gcc/arm-none-eabi/6.3.1/../../../../arm-none-eabi/lib/thumb/v6-m\libc_nano.a(lib_a-init.o)
                              c:/program files (x86)/atmel/studio/7.0/toolchain/arm/arm-gnu-toolchain/bin/../lib/gcc/arm-none-eabi/6.3.1/../../../../arm-none-eabi/lib/thumb/v6-m/crt0.o (__libc_init_array)
c:/program files (x86)/atmel/studio/7.0/toolchain/arm/arm-gnu-toolchain/bin/../lib/gcc/arm-none-eabi/6.3.1/../../../../arm-none-eabi/lib/thumb/v6-m\libc_nano.a(lib_a-malloc.o)
                              src/SerialConsole/circular_buffer.o (malloc)
c:/program files (x86)/atmel/studio/7.0/toolchain/arm/arm-gnu-toolchain/bin/../lib/gcc/arm-none-eabi/6.3.1/../../../../arm-none-eabi/lib/thumb/v6-m\libc_nano.a(lib_a-memset.o)
                              c:/program files (x86)/atmel/studio/7.0/toolchain/arm/arm-gnu-toolchain/bin/../lib/gcc/arm-none-eabi/6.3.1/../../../../arm-none-eabi/lib/thumb/v6-m/crt0.o (memset)
c:/program files (x86)/atmel/studio/7.0/toolchain/arm/arm-gnu-toolchain/bin/../lib/gcc/arm-none-eabi/6.3.1/../../../../arm-none-eabi/lib/thumb/v6-m\libc_nano.a(lib_a-nano-freer.o)
                              c:/program files (x86)/atmel/studio/7.0/toolchain/arm/arm-gnu-toolchain/bin/../lib/gcc/arm-none-eabi/6.3.1/../../../../arm-none-eabi/lib/thumb/v6-m\libc_nano.a(lib_a-malloc.o) (_free_r)
c:/program files (x86)/atmel/studio/7.0/toolchain/arm/arm-gnu-toolchain/bin/../lib/gcc/arm-none-eabi/6.3.1/../../../../arm-none-eabi/lib/thumb/v6-m\libc_nano.a(lib_a-nano-mallocr.o)
                              c:/program files (x86)/atmel/studio/7.0/toolchain/arm/arm-gnu-toolchain/bin/../lib/gcc/arm-none-eabi/6.3.1/../../../../arm-none-eabi/lib/thumb/v6-m\libc_nano.a(lib_a-malloc.o) (_malloc_r)
c:/program files (x86)/atmel/studio/7.0/toolchain/arm/arm-gnu-toolchain/bin/../lib/gcc/arm-none-eabi/6.3.1/../../../../arm-none-eabi/lib/thumb/v6-m\libc_nano.a(lib_a-sbrkr.o)
                              c:/program files (x86)/atmel/studio/7.0/toolchain/arm/arm-gnu-toolchain/bin/../lib/gcc/arm-none-eabi/6.3.1/../../../../arm-none-eabi/lib/thumb/v6-m\libc_nano.a(lib_a-nano-mallocr.o) (_sbrk_r)
c:/program files (x86)/atmel/studio/7.0/toolchain/arm/arm-gnu-toolchain/bin/../lib/gcc/arm-none-eabi/6.3.1/../../../../arm-none-eabi/lib/thumb/v6-m\libc_nano.a(lib_a-setbuf.o)
                              src/SerialConsole/SerialConsole.o (setbuf)
c:/program files (x86)/atmel/studio/7.0/toolchain/arm/arm-gnu-toolchain/bin/../lib/gcc/arm-none-eabi/6.3.1/../../../../arm-none-eabi/lib/thumb/v6-m\libc_nano.a(lib_a-setvbuf.o)
                              c:/program files (x86)/atmel/studio/7.0/toolchain/arm/arm-gnu-toolchain/bin/../lib/gcc/arm-none-eabi/6.3.1/../../../../arm-none-eabi/lib/thumb/v6-m\libc_nano.a(lib_a-setbuf.o) (setvbuf)
c:/program files (x86)/atmel/studio/7.0/toolchain/arm/arm-gnu-toolchain/bin/../lib/gcc/arm-none-eabi/6.3.1/../../../../arm-none-eabi/lib/thumb/v6-m\libc_nano.a(lib_a-strcmp.o)
                              src/example.o (strcmp)
[...]
Memory Configuration

Name             Origin             Length             Attributes
rom              0x00000000         0x00040000         xr
ram              0x20000000         0x00008000         xrw
*default*        0x00000000         0xffffffff

Linker script and memory map

LOAD c:/program files (x86)/atmel/studio/7.0/toolchain/arm/arm-gnu-toolchain/bin/../lib/gcc/arm-none-eabi/6.3.1/thumb/v6-m/crti.o
LOAD c:/program files (x86)/atmel/studio/7.0/toolchain/arm/arm-gnu-toolchain/bin/../lib/gcc/arm-none-eabi/6.3.1/thumb/v6-m/crtbegin.o
LOAD c:/program files (x86)/atmel/studio/7.0/toolchain/arm/arm-gnu-toolchain/bin/../lib/gcc/arm-none-eabi/6.3.1/../../../../arm-none-eabi/lib/thumb/v6-m/crt0.o
LOAD src/ASF/common2/services/delay/sam0/systick_counter.o
LOAD src/ASF/common/services/crc32/crc32.o
LOAD src/ASF/sam0/boards/board_init.o
LOAD src/ASF/sam0/drivers/nvm/nvm.o
LOAD src/SerialConsole/circular_buffer.o
LOAD src/SerialConsole/SerialConsole.o
LOAD src/ASF/common2/components/memory/sd_mmc/sd_mmc.o
LOAD src/ASF/common2/components/memory/sd_mmc/sd_mmc_mem.o
LOAD src/ASF/common2/components/memory/sd_mmc/sd_mmc_spi.o
LOAD src/ASF/common/services/storage/ctrl_access/ctrl_access.o
LOAD src/ASF/common/utils/interrupt/interrupt_sam_nvic.o
LOAD src/ASF/sam0/drivers/port/port.o
LOAD src/ASF/sam0/drivers/rtc/rtc_sam_d_r_h/rtc_calendar.o
LOAD src/ASF/sam0/drivers/sercom/sercom.o
LOAD src/ASF/sam0/drivers/sercom/sercom_interrupt.o
LOAD src/ASF/sam0/drivers/sercom/spi/spi.o
LOAD src/ASF/sam0/drivers/sercom/spi/spi_interrupt.o
LOAD src/ASF/sam0/drivers/sercom/usart/usart.o
LOAD src/ASF/sam0/drivers/sercom/usart/usart_interrupt.o
LOAD src/ASF/sam0/drivers/system/clock/clock_samd21_r21_da_ha1/clock.o
LOAD src/ASF/sam0/drivers/system/clock/clock_samd21_r21_da_ha1/gclk.o
LOAD src/ASF/sam0/drivers/system/interrupt/system_interrupt.o
LOAD src/ASF/sam0/drivers/system/pinmux/pinmux.o
LOAD src/ASF/sam0/drivers/system/system.o
LOAD src/ASF/sam0/utils/cmsis/samd21/source/gcc/startup_samd21.o
LOAD src/ASF/sam0/utils/cmsis/samd21/source/system_samd21.o
LOAD src/ASF/sam0/utils/stdio/read.o
LOAD src/ASF/sam0/utils/stdio/write.o
LOAD src/ASF/sam0/utils/syscalls/gcc/syscalls.o
LOAD src/ASF/thirdparty/fatfs/fatfs-port-r0.09/diskio.o
LOAD src/ASF/thirdparty/fatfs/fatfs-port-r0.09/sam0/fattime_rtc.o
LOAD src/ASF/thirdparty/fatfs/fatfs-r0.09/src/ff.o
LOAD src/ASF/thirdparty/fatfs/fatfs-r0.09/src/option/ccsbcs.o
LOAD src/example.o
START GROUP
LOAD ../src/ASF/thirdparty/CMSIS/Lib/GCC\libarm_cortexM0l_math.a
LOAD c:/program files (x86)/atmel/studio/7.0/toolchain/arm/arm-gnu-toolchain/bin/../lib/gcc/arm-none-eabi/6.3.1/../../../../arm-none-eabi/lib/thumb/v6-m\libm.a
END GROUP
                0x00002000                __stack_size__ = 0x2000
START GROUP
LOAD c:/program files (x86)/atmel/studio/7.0/toolchain/arm/arm-gnu-toolchain/bin/../lib/gcc/arm-none-eabi/6.3.1/thumb/v6-m\libgcc.a
LOAD c:/program files (x86)/atmel/studio/7.0/toolchain/arm/arm-gnu-toolchain/bin/../lib/gcc/arm-none-eabi/6.3.1/../../../../arm-none-eabi/lib/thumb/v6-m\libc_nano.a
END GROUP
START GROUP
LOAD c:/program files (x86)/atmel/studio/7.0/toolchain/arm/arm-gnu-toolchain/bin/../lib/gcc/arm-none-eabi/6.3.1/thumb/v6-m\libgcc.a
LOAD c:/program files (x86)/atmel/studio/7.0/toolchain/arm/arm-gnu-toolchain/bin/../lib/gcc/arm-none-eabi/6.3.1/../../../../arm-none-eabi/lib/thumb/v6-m\libc_nano.a
END GROUP
LOAD c:/program files (x86)/atmel/studio/7.0/toolchain/arm/arm-gnu-toolchain/bin/../lib/gcc/arm-none-eabi/6.3.1/thumb/v6-m/crtend.o
LOAD c:/program files (x86)/atmel/studio/7.0/toolchain/arm/arm-gnu-toolchain/bin/../lib/gcc/arm-none-eabi/6.3.1/thumb/v6-m/crtn.o
                0x00002000                STACK_SIZE = DEFINED (STACK_SIZE)?STACK_SIZE:DEFINED (__stack_size__)?__stack_size__:0x2000

.text           0x00000000     0x7880
                0x00000000                . = ALIGN (0x4)
                0x00000000                _sfixed = .
 *(.vectors .vectors.*)
 .vectors       0x00000000       0xb4 src/ASF/sam0/utils/cmsis/samd21/source/gcc/startup_samd21.o
                0x00000000                exception_table
 *(.text .text.* .gnu.linkonce.t.*)
 .text          0x000000b4       0x60 c:/program files (x86)/atmel/studio/7.0/toolchain/arm/arm-gnu-toolchain/bin/../lib/gcc/arm-none-eabi/6.3.1/thumb/v6-m/crtbegin.o
 .text.delay_init
                0x00000114       0x40 src/ASF/common2/services/delay/sam0/systick_counter.o
                0x00000114                delay_init
 .text.delay_cycles_ms
                0x00000154       0x2c src/ASF/common2/services/delay/sam0/systick_counter.o
                0x00000154                delay_cycles_ms
 .text.crc32_recalculate
                0x00000180       0xd8 src/ASF/common/services/crc32/crc32.o
                0x00000180                crc32_recalculate
 .text.system_board_init
                0x00000258       0x38 src/ASF/sam0/boards/board_init.o
                0x00000258                board_init
                0x00000258                system_board_init
 .text.nvm_execute_command
                0x00000290       0xa0 src/ASF/sam0/drivers/nvm/nvm.o
                0x00000290                nvm_execute_command
 .text.nvm_write_buffer
                0x00000330       0xa8 src/ASF/sam0/drivers/nvm/nvm.o
                0x00000330                nvm_write_buffer
 .text.nvm_read_buffer
                0x000003d8       0x6c src/ASF/sam0/drivers/nvm/nvm.o
                0x000003d8                nvm_read_buffer
 .text.nvm_erase_row
                0x00000444       0x5c src/ASF/sam0/drivers/nvm/nvm.o
                0x00000444                nvm_erase_row
 .text.advance_pointer
                0x000004a0       0x34 src/SerialConsole/circular_buffer.o
 .text.circular_buf_init
                0x000004d4       0x20 src/SerialConsole/circular_buffer.o
                0x000004d4                circular_buf_init
 .text.circular_buf_put
                0x000004f4       0x14 src/SerialConsole/circular_buffer.o
                0x000004f4                circular_buf_put
 .text.circular_buf_empty
                0x00000508       0x18 src/SerialConsole/circular_buffer.o
                0x00000508                circular_buf_empty
 .text.circular_buf_get
                0x00000520       0x38 src/SerialConsole/circular_buffer.o
                0x00000520                circular_buf_get
 .text.usart_serial_getchar
                0x00000558       0x2c src/SerialConsole/SerialConsole.o
 .text.usart_serial_putchar
                0x00000584       0x18 src/SerialConsole/SerialConsole.o
 .text.usart_write_callback
                0x0000059c       0x30 src/SerialConsole/SerialConsole.o
                0x0000059c                usart_write_callback
 .text.InitializeSerialConsole
                0x000005cc      0x168 src/SerialConsole/SerialConsole.o
                0x000005cc                InitializeSerialConsole
 .text.DeinitializeSerialConsole
                0x00000734       0x38 src/SerialConsole/SerialConsole.o
                0x00000734                DeinitializeSerialConsole
 .text.SerialConsoleWriteString
                0x0000076c       0x74 src/SerialConsole/SerialConsole.o
                0x0000076c                SerialConsoleWriteString
 .text.usart_read_callback
                0x000007e0       0x54 src/SerialConsole/SerialConsole.o
                0x000007e0                usart_read_callback
 .text.setLogLevel
                0x00000834        0xc src/SerialConsole/SerialConsole.o
                0x00000834                setLogLevel
 .text.LogMessage
                0x00000840       0x38 src/SerialConsole/SerialConsole.o
                0x00000840                LogMessage
 .text.sd_mmc_configure_slot
                0x00000878       0x28 src/ASF/common2/components/memory/sd_mmc/sd_mmc.o
 .text.sd_mmc_select_slot
                0x000008a0       0x5c src/ASF/common2/components/memory/sd_mmc/sd_mmc.o
 .text.sd_mmc_cmd13
                0x000008fc       0x38 src/ASF/common2/components/memory/sd_mmc/sd_mmc.o
 .text.sd_mmc_cmd9_spi
                0x00000934       0x4c src/ASF/common2/components/memory/sd_mmc/sd_mmc.o
 .text.sd_mmc_deselect_slot
                0x00000980       0x1c src/ASF/common2/components/memory/sd_mmc/sd_mmc.o
 .text.sd_mmc_init
                0x0000099c       0x20 src/ASF/common2/components/memory/sd_mmc/sd_mmc.o
                0x0000099c                sd_mmc_init
 .text.sd_mmc_check
                0x000009bc      0x4b0 src/ASF/common2/components/memory/sd_mmc/sd_mmc.o
                0x000009bc                sd_mmc_check
 .text.sd_mmc_get_type
                0x00000e6c       0x28 src/ASF/common2/components/memory/sd_mmc/sd_mmc.o
                0x00000e6c                sd_mmc_get_type
 .text.sd_mmc_get_capacity
                0x00000e94       0x28 src/ASF/common2/components/memory/sd_mmc/sd_mmc.o
                0x00000e94                sd_mmc_get_capacity
 .text.sd_mmc_is_write_protected
                0x00000ebc        0x4 src/ASF/common2/components/memory/sd_mmc/sd_mmc.o
                0x00000ebc                sd_mmc_is_write_protected
 .text.sd_mmc_init_read_blocks
                0x00000ec0       0x88 src/ASF/common2/components/memory/sd_mmc/sd_mmc.o
                0x00000ec0                sd_mmc_init_read_blocks
 .text.sd_mmc_start_read_blocks
                0x00000f48       0x2c src/ASF/common2/components/memory/sd_mmc/sd_mmc.o
                0x00000f48                sd_mmc_start_read_blocks
 .text.sd_mmc_wait_end_of_read_blocks
                0x00000f74       0x70 src/ASF/common2/components/memory/sd_mmc/sd_mmc.o
                0x00000f74                sd_mmc_wait_end_of_read_blocks
 .text.sd_mmc_init_write_blocks
                0x00000fe4       0x70 src/ASF/common2/components/memory/sd_mmc/sd_mmc.o
                0x00000fe4                sd_mmc_init_write_blocks
 .text.sd_mmc_start_write_blocks
                0x00001054       0x2c src/ASF/common2/components/memory/sd_mmc/sd_mmc.o
                0x00001054                sd_mmc_start_write_blocks
 .text.sd_mmc_wait_end_of_write_blocks
                0x00001080       0x50 src/ASF/common2/components/memory/sd_mmc/sd_mmc.o
                0x00001080                sd_mmc_wait_end_of_write_blocks
 .text.sd_mmc_test_unit_ready
                0x000010d0       0x50 src/ASF/common2/components/memory/sd_mmc/sd_mmc_mem.o
                0x000010d0                sd_mmc_test_unit_ready
 .text.sd_mmc_test_unit_ready_0
                0x00001120       0x10 src/ASF/common2/components/memory/sd_mmc/sd_mmc_mem.o
                0x00001120                sd_mmc_test_unit_ready_0
 .text.sd_mmc_read_capacity
                0x00001130       0x20 src/ASF/common2/components/memory/sd_mmc/sd_mmc_mem.o
                0x00001130                sd_mmc_read_capacity
 .text.sd_mmc_read_capacity_0
                0x00001150       0x10 src/ASF/common2/components/memory/sd_mmc/sd_mmc_mem.o
                0x00001150                sd_mmc_read_capacity_0
 .text.sd_mmc_wr_protect_0
                0x00001160       0x10 src/ASF/common2/components/memory/sd_mmc/sd_mmc_mem.o
                0x00001160                sd_mmc_wr_protect_0
 .text.sd_mmc_mem_2_ram
                0x00001170       0x44 src/ASF/common2/components/memory/sd_mmc/sd_mmc_mem.o
                0x00001170                sd_mmc_mem_2_ram
 .text.sd_mmc_mem_2_ram_0
                0x000011b4       0x14 src/ASF/common2/components/memory/sd_mmc/sd_mmc_mem.o
                0x000011b4                sd_mmc_mem_2_ram_0
 .text.sd_mmc_ram_2_mem
                0x000011c8       0x44 src/ASF/common2/components/memory/sd_mmc/sd_mmc_mem.o
                0x000011c8                sd_mmc_ram_2_mem
 .text.sd_mmc_ram_2_mem_0
                0x0000120c       0x14 src/ASF/common2/components/memory/sd_mmc/sd_mmc_mem.o
                0x0000120c                sd_mmc_ram_2_mem_0
 .text.sd_mmc_spi_start_write_block
                0x00001220       0x48 src/ASF/common2/components/memory/sd_mmc/sd_mmc_spi.o
 .text.sd_mmc_spi_wait_busy
                0x00001268       0x64 src/ASF/common2/components/memory/sd_mmc/sd_mmc_spi.o
 .text.sd_mmc_spi_stop_multiwrite_block
                0x000012cc       0x78 src/ASF/common2/components/memory/sd_mmc/sd_mmc_spi.o
 .text.sd_mmc_spi_start_read_block
                0x00001344       0x6c src/ASF/common2/components/memory/sd_mmc/sd_mmc_spi.o
 .text.sd_mmc_spi_stop_write_block
                0x000013b0       0x70 src/ASF/common2/components/memory/sd_mmc/sd_mmc_spi.o
 .text.sd_mmc_deinit
                0x00001420       0x14 src/ASF/common2/components/memory/sd_mmc/sd_mmc_spi.o
                0x00001420                sd_mmc_deinit
 .text.sd_mmc_spi_init
                0x00001434      0x100 src/ASF/common2/components/memory/sd_mmc/sd_mmc_spi.o
                0x00001434                sd_mmc_spi_init
 .text.sd_mmc_spi_select_device
                0x00001534       0x54 src/ASF/common2/components/memory/sd_mmc/sd_mmc_spi.o
                0x00001534                sd_mmc_spi_select_device
 .text.sd_mmc_spi_deselect_device
                0x00001588       0x28 src/ASF/common2/components/memory/sd_mmc/sd_mmc_spi.o
                0x00001588                sd_mmc_spi_deselect_device
 .text.sd_mmc_spi_send_clock
                0x000015b0       0x38 src/ASF/common2/components/memory/sd_mmc/sd_mmc_spi.o
                0x000015b0                sd_mmc_spi_send_clock
 .text.sd_mmc_spi_adtc_start
                0x000015e8      0x190 src/ASF/common2/components/memory/sd_mmc/sd_mmc_spi.o
                0x000015e8                sd_mmc_spi_adtc_start
 .text.sd_mmc_spi_send_cmd
                0x00001778       0x18 src/ASF/common2/components/memory/sd_mmc/sd_mmc_spi.o
                0x00001778                sd_mmc_spi_send_cmd
 .text.sd_mmc_spi_get_response
                0x00001790        0xc src/ASF/common2/components/memory/sd_mmc/sd_mmc_spi.o
                0x00001790                sd_mmc_spi_get_response
 .text.sd_mmc_spi_read_word
                0x0000179c       0x78 src/ASF/common2/components/memory/sd_mmc/sd_mmc_spi.o
                0x0000179c                sd_mmc_spi_read_word
 .text.sd_mmc_spi_start_read_blocks
                0x00001814       0x8c src/ASF/common2/components/memory/sd_mmc/sd_mmc_spi.o
                0x00001814                sd_mmc_spi_start_read_blocks
 .text.sd_mmc_spi_wait_end_of_read_blocks
                0x000018a0        0x4 src/ASF/common2/components/memory/sd_mmc/sd_mmc_spi.o
                0x000018a0                sd_mmc_spi_wait_end_of_read_blocks
 .text.sd_mmc_spi_start_write_blocks
                0x000018a4       0x80 src/ASF/common2/components/memory/sd_mmc/sd_mmc_spi.o
                0x000018a4                sd_mmc_spi_start_write_blocks
 .text.sd_mmc_spi_wait_end_of_write_blocks
                0x00001924       0x24 src/ASF/common2/components/memory/sd_mmc/sd_mmc_spi.o
                0x00001924                sd_mmc_spi_wait_end_of_write_blocks
 .text.mem_test_unit_ready
                0x00001948       0x18 src/ASF/common/services/storage/ctrl_access/ctrl_access.o
                0x00001948                mem_test_unit_ready
 .text.mem_read_capacity
                0x00001960       0x1c src/ASF/common/services/storage/ctrl_access/ctrl_access.o
                0x00001960                mem_read_capacity
 .text.mem_sector_size
                0x0000197c        0x8 src/ASF/common/services/storage/ctrl_access/ctrl_access.o
                0x0000197c                mem_sector_size
 .text.mem_wr_protect
                0x00001984       0x18 src/ASF/common/services/storage/ctrl_access/ctrl_access.o
                0x00001984                mem_wr_protect
 .text.memory_2_ram
                0x0000199c       0x20 src/ASF/common/services/storage/ctrl_access/ctrl_access.o
                0x0000199c                memory_2_ram
 .text.ram_2_memory
                0x000019bc       0x20 src/ASF/common/services/storage/ctrl_access/ctrl_access.o
                0x000019bc                ram_2_memory
 .text.cpu_irq_enter_critical
                0x000019dc       0x40 src/ASF/common/utils/interrupt/interrupt_sam_nvic.o
                0x000019dc                cpu_irq_enter_critical
 .text.cpu_irq_leave_critical
                0x00001a1c       0x30 src/ASF/common/utils/interrupt/interrupt_sam_nvic.o
                0x00001a1c                cpu_irq_leave_critical
 .text.port_pin_set_config
                0x00001a4c       0x24 src/ASF/sam0/drivers/port/port.o
                0x00001a4c                port_pin_set_config
 .text.rtc_calendar_enable
                0x00001a70       0x14 src/ASF/sam0/drivers/rtc/rtc_sam_d_r_h/rtc_calendar.o
                0x00001a70                rtc_calendar_enable
 .text.rtc_calendar_disable
                0x00001a84       0x1a src/ASF/sam0/drivers/rtc/rtc_sam_d_r_h/rtc_calendar.o
                0x00001a84                rtc_calendar_disable
 *fill*         0x00001a9e        0x2 
 .text.rtc_calendar_reset
                0x00001aa0       0x24 src/ASF/sam0/drivers/rtc/rtc_sam_d_r_h/rtc_calendar.o
                0x00001aa0                rtc_calendar_reset
 .text.rtc_calendar_time_to_register_value
                0x00001ac4       0x3a src/ASF/sam0/drivers/rtc/rtc_sam_d_r_h/rtc_calendar.o
                0x00001ac4                rtc_calendar_time_to_register_value
 .text.rtc_calendar_register_value_to_time
                0x00001afe       0x3e src/ASF/sam0/drivers/rtc/rtc_sam_d_r_h/rtc_calendar.o
                0x00001afe                rtc_calendar_register_value_to_time
 .text.rtc_calendar_get_time
                0x00001b3c       0x48 src/ASF/sam0/drivers/rtc/rtc_sam_d_r_h/rtc_calendar.o
                0x00001b3c                rtc_calendar_get_time
 .text.rtc_calendar_set_alarm
                0x00001b84       0x30 src/ASF/sam0/drivers/rtc/rtc_sam_d_r_h/rtc_calendar.o
                0x00001b84                rtc_calendar_set_alarm
 .text.rtc_calendar_init
                0x00001bb4       0x94 src/ASF/sam0/drivers/rtc/rtc_sam_d_r_h/rtc_calendar.o
                0x00001bb4                rtc_calendar_init
 .text.long_division
                0x00001c48       0xba src/ASF/sam0/drivers/sercom/sercom.o
 .text._sercom_get_sync_baud_val
                0x00001d02       0x28 src/ASF/sam0/drivers/sercom/sercom.o
                0x00001d02                _sercom_get_sync_baud_val
 *fill*         0x00001d2a        0x2 
 .text._sercom_get_async_baud_val
                0x00001d2c       0x94 src/ASF/sam0/drivers/sercom/sercom.o
                0x00001d2c                _sercom_get_async_baud_val
 .text.sercom_set_gclk_generator
                0x00001dc0       0x4c src/ASF/sam0/drivers/sercom/sercom.o
                0x00001dc0                sercom_set_gclk_generator
 .text._sercom_get_default_pad
                0x00001e0c      0x178 src/ASF/sam0/drivers/sercom/sercom.o
                0x00001e0c                _sercom_get_default_pad
 .text._sercom_get_sercom_inst_index
                0x00001f84       0x38 src/ASF/sam0/drivers/sercom/sercom.o
                0x00001f84                _sercom_get_sercom_inst_index
 .text._sercom_default_handler
                0x00001fbc        0x2 src/ASF/sam0/drivers/sercom/sercom_interrupt.o
 *fill*         0x00001fbe        0x2 
 .text._sercom_set_handler
                0x00001fc0       0x3c src/ASF/sam0/drivers/sercom/sercom_interrupt.o
                0x00001fc0                _sercom_set_handler
 .text._sercom_get_interrupt_vector
                0x00001ffc       0x30 src/ASF/sam0/drivers/sercom/sercom_interrupt.o
                0x00001ffc                _sercom_get_interrupt_vector
 .text.SERCOM0_Handler
                0x0000202c       0x10 src/ASF/sam0/drivers/sercom/sercom_interrupt.o
                0x0000202c                SERCOM0_Handler
 .text.SERCOM1_Handler
                0x0000203c       0x10 src/ASF/sam0/drivers/sercom/sercom_interrupt.o
                0x0000203c                SERCOM1_Handler
 .text.SERCOM2_Handler
                0x0000204c       0x10 src/ASF/sam0/drivers/sercom/sercom_interrupt.o
                0x0000204c                SERCOM2_Handler
 .text.SERCOM3_Handler
                0x0000205c       0x10 src/ASF/sam0/drivers/sercom/sercom_interrupt.o
                0x0000205c                SERCOM3_Handler
 .text.SERCOM4_Handler
                0x0000206c       0x10 src/ASF/sam0/drivers/sercom/sercom_interrupt.o
                0x0000206c                SERCOM4_Handler
 .text.SERCOM5_Handler
                0x0000207c       0x10 src/ASF/sam0/drivers/sercom/sercom_interrupt.o
                0x0000207c                SERCOM5_Handler
 .text.spi_reset
                0x0000208c       0x4c src/ASF/sam0/drivers/sercom/spi/spi.o
                0x0000208c                spi_reset
 .text.spi_set_baudrate
                0x000020d8       0xb8 src/ASF/sam0/drivers/sercom/spi/spi.o
                0x000020d8                spi_set_baudrate
 .text.spi_init
                0x00002190      0x1d8 src/ASF/sam0/drivers/sercom/spi/spi.o
                0x00002190                spi_init
 .text.spi_read_buffer_wait
                0x00002368       0xd4 src/ASF/sam0/drivers/sercom/spi/spi.o
                0x00002368                spi_read_buffer_wait
 .text.spi_select_slave
                0x0000243c       0xf4 src/ASF/sam0/drivers/sercom/spi/spi.o
                0x0000243c                spi_select_slave
 .text.spi_write_buffer_wait
                0x00002530       0xcc src/ASF/sam0/drivers/sercom/spi/spi.o
                0x00002530                spi_write_buffer_wait
 .text._spi_interrupt_handler
                0x000025fc      0x1d0 src/ASF/sam0/drivers/sercom/spi/spi_interrupt.o
                0x000025fc                _spi_interrupt_handler
 .text.usart_init
                0x000027cc      0x344 src/ASF/sam0/drivers/sercom/usart/usart.o
                0x000027cc                usart_init
 .text.usart_write_wait
                0x00002b10       0x2c src/ASF/sam0/drivers/sercom/usart/usart.o
                0x00002b10                usart_write_wait
 .text.usart_read_wait
                0x00002b3c       0x70 src/ASF/sam0/drivers/sercom/usart/usart.o
                0x00002b3c                usart_read_wait
 .text._usart_write_buffer
                0x00002bac       0x3c src/ASF/sam0/drivers/sercom/usart/usart_interrupt.o
                0x00002bac                _usart_write_buffer
 .text._usart_read_buffer
                0x00002be8       0x50 src/ASF/sam0/drivers/sercom/usart/usart_interrupt.o
                0x00002be8                _usart_read_buffer
 .text.usart_register_callback
                0x00002c38       0x18 src/ASF/sam0/drivers/sercom/usart/usart_interrupt.o
                0x00002c38                usart_register_callback
 .text.usart_write_buffer_job
                0x00002c50       0x20 src/ASF/sam0/drivers/sercom/usart/usart_interrupt.o
                0x00002c50                usart_write_buffer_job
 .text.usart_read_buffer_job
                0x00002c70       0x20 src/ASF/sam0/drivers/sercom/usart/usart_interrupt.o
                0x00002c70                usart_read_buffer_job
 .text.usart_get_job_status
                0x00002c90       0x1c src/ASF/sam0/drivers/sercom/usart/usart_interrupt.o
                0x00002c90                usart_get_job_status
 .text._usart_interrupt_handler
                0x00002cac      0x194 src/ASF/sam0/drivers/sercom/usart/usart_interrupt.o
                0x00002cac                _usart_interrupt_handler
 .text.system_clock_source_get_hz
                0x00002e40       0x94 src/ASF/sam0/drivers/system/clock/clock_samd21_r21_da_ha1/clock.o
                0x00002e40                system_clock_source_get_hz
 .text.system_clock_source_osc8m_set_config
                0x00002ed4       0x3c src/ASF/sam0/drivers/system/clock/clock_samd21_r21_da_ha1/clock.o
                0x00002ed4                system_clock_source_osc8m_set_config
 .text.system_clock_source_xosc32k_set_config
                0x00002f10       0xb8 src/ASF/sam0/drivers/system/clock/clock_samd21_r21_da_ha1/clock.o
                0x00002f10                system_clock_source_xosc32k_set_config
 .text.system_clock_source_dfll_set_config
                0x00002fc8       0x80 src/ASF/sam0/drivers/system/clock/clock_samd21_r21_da_ha1/clock.o
                0x00002fc8                system_clock_source_dfll_set_config
 .text.system_clock_source_enable
                0x00003048       0xa8 src/ASF/sam0/drivers/system/clock/clock_samd21_r21_da_ha1/clock.o
                0x00003048                system_clock_source_enable
 .text.system_clock_init
                0x000030f0      0x154 src/ASF/sam0/drivers/system/clock/clock_samd21_r21_da_ha1/clock.o
                0x000030f0                system_clock_init
 .text.system_gclk_init
                0x00003244       0x24 src/ASF/sam0/drivers/system/clock/clock_samd21_r21_da_ha1/gclk.o
                0x00003244                system_gclk_init
 .text.system_gclk_gen_set_config
                0x00003268       0xb8 src/ASF/sam0/drivers/system/clock/clock_samd21_r21_da_ha1/gclk.o
                0x00003268                system_gclk_gen_set_config
 .text.system_gclk_gen_enable
                0x00003320       0x44 src/ASF/sam0/drivers/system/clock/clock_samd21_r21_da_ha1/gclk.o
                0x00003320                system_gclk_gen_enable
 .text.system_gclk_gen_get_hz
                0x00003364       0x8c src/ASF/sam0/drivers/system/clock/clock_samd21_r21_da_ha1/gclk.o
                0x00003364                system_gclk_gen_get_hz
 .text.system_gclk_chan_enable
                0x000033f0       0x30 src/ASF/sam0/drivers/system/clock/clock_samd21_r21_da_ha1/gclk.o
                0x000033f0                system_gclk_chan_enable
 .text.system_gclk_chan_disable
                0x00003420       0x5c src/ASF/sam0/drivers/system/clock/clock_samd21_r21_da_ha1/gclk.o
                0x00003420                system_gclk_chan_disable
 .text.system_gclk_chan_set_config
                0x0000347c       0x1c src/ASF/sam0/drivers/system/clock/clock_samd21_r21_da_ha1/gclk.o
                0x0000347c                system_gclk_chan_set_config
 .text.system_gclk_chan_get_hz
                0x00003498       0x34 src/ASF/sam0/drivers/system/clock/clock_samd21_r21_da_ha1/gclk.o
                0x00003498                system_gclk_chan_get_hz
 .text._system_pinmux_config
                0x000034cc       0xa8 src/ASF/sam0/drivers/system/pinmux/pinmux.o
 .text.system_pinmux_pin_set_config
                0x00003574       0x30 src/ASF/sam0/drivers/system/pinmux/pinmux.o
                0x00003574                system_pinmux_pin_set_config
 .text._system_dummy_init
                0x000035a4        0x2 src/ASF/sam0/drivers/system/system.o
                0x000035a4                _system_extint_init
                0x000035a4                _system_events_init
                0x000035a4                _system_dummy_init
                0x000035a4                _system_divas_init
 *fill*         0x000035a6        0x2 
 .text.system_init
                0x000035a8       0x2c src/ASF/sam0/drivers/system/system.o
                0x000035a8                system_init
 .text.Dummy_Handler
                0x000035d4        0x2 src/ASF/sam0/utils/cmsis/samd21/source/gcc/startup_samd21.o
                0x000035d4                DMAC_Handler
                0x000035d4                HardFault_Handler
                0x000035d4                AC_Handler
                0x000035d4                SysTick_Handler
                0x000035d4                PendSV_Handler
                0x000035d4                NMI_Handler
                0x000035d4                ADC_Handler
                0x000035d4                TCC1_Handler
                0x000035d4                TCC0_Handler
                0x000035d4                RTC_Handler
                0x000035d4                EIC_Handler
                0x000035d4                WDT_Handler
                0x000035d4                TC4_Handler
                0x000035d4                USB_Handler
                0x000035d4                TC3_Handler
                0x000035d4                Dummy_Handler
                0x000035d4                PM_Handler
                0x000035d4                SVC_Handler
                0x000035d4                TCC2_Handler
                0x000035d4                EVSYS_Handler
                0x000035d4                I2S_Handler
                0x000035d4                NVMCTRL_Handler
                0x000035d4                DAC_Handler
                0x000035d4                PTC_Handler
                0x000035d4                TC5_Handler
                0x000035d4                SYSCTRL_Handler
 *fill*         0x000035d6        0x2 
 .text.Reset_Handler
                0x000035d8       0xe4 src/ASF/sam0/utils/cmsis/samd21/source/gcc/startup_samd21.o
                0x000035d8                Reset_Handler
 .text._read    0x000036bc       0x44 src/ASF/sam0/utils/stdio/read.o
                0x000036bc                _read
 .text._write   0x00003700       0x50 src/ASF/sam0/utils/stdio/write.o
                0x00003700                _write
 .text._sbrk    0x00003750       0x24 src/ASF/sam0/utils/syscalls/gcc/syscalls.o
                0x00003750                _sbrk
 .text._close   0x00003774        0x6 src/ASF/sam0/utils/syscalls/gcc/syscalls.o
                0x00003774                _close
 .text._fstat   0x0000377a        0xa src/ASF/sam0/utils/syscalls/gcc/syscalls.o
                0x0000377a                _fstat
 .text._lseek   0x00003784        0x4 src/ASF/sam0/utils/syscalls/gcc/syscalls.o
                0x00003784                _lseek
 .text.disk_initialize
                0x00003788       0x9c src/ASF/thirdparty/fatfs/fatfs-port-r0.09/diskio.o
                0x00003788                disk_initialize
 .text.disk_status
                0x00003824       0x1c src/ASF/thirdparty/fatfs/fatfs-port-r0.09/diskio.o
                0x00003824                disk_status
 .text.disk_read
                0x00003840       0x84 src/ASF/thirdparty/fatfs/fatfs-port-r0.09/diskio.o
                0x00003840                disk_read
 .text.disk_write
                0x000038c4       0x84 src/ASF/thirdparty/fatfs/fatfs-port-r0.09/diskio.o
                0x000038c4                disk_write
 .text.disk_ioctl
                0x00003948       0x6c src/ASF/thirdparty/fatfs/fatfs-port-r0.09/diskio.o
                0x00003948                disk_ioctl
 .text.get_fattime
                0x000039b4       0x50 src/ASF/thirdparty/fatfs/fatfs-port-r0.09/sam0/fattime_rtc.o
                0x000039b4                get_fattime
 .text.mem_cpy  0x00003a04       0x14 src/ASF/thirdparty/fatfs/fatfs-r0.09/src/ff.o
 .text.mem_set  0x00003a18       0x12 src/ASF/thirdparty/fatfs/fatfs-r0.09/src/ff.o
 .text.clust2sect
                0x00003a2a       0x18 src/ASF/thirdparty/fatfs/fatfs-r0.09/src/ff.o
 .text.sum_sfn  0x00003a42       0x1c src/ASF/thirdparty/fatfs/fatfs-r0.09/src/ff.o
 *fill*         0x00003a5e        0x2 
 .text.validate
                0x00003a60       0x30 src/ASF/thirdparty/fatfs/fatfs-r0.09/src/ff.o
 .text.check_fs
                0x00003a90       0xa4 src/ASF/thirdparty/fatfs/fatfs-r0.09/src/ff.o
 .text.chk_mounted
                0x00003b34      0x3b0 src/ASF/thirdparty/fatfs/fatfs-r0.09/src/ff.o
 .text.move_window
                0x00003ee4       0xa0 src/ASF/thirdparty/fatfs/fatfs-r0.09/src/ff.o
 .text.get_fat  0x00003f84       0xfc src/ASF/thirdparty/fatfs/fatfs-r0.09/src/ff.o
 .text.dir_sdi  0x00004080       0xa8 src/ASF/thirdparty/fatfs/fatfs-r0.09/src/ff.o
 .text.put_fat  0x00004128      0x138 src/ASF/thirdparty/fatfs/fatfs-r0.09/src/ff.o
 .text.create_chain
                0x00004260       0xc4 src/ASF/thirdparty/fatfs/fatfs-r0.09/src/ff.o
 .text.remove_chain
                0x00004324       0x78 src/ASF/thirdparty/fatfs/fatfs-r0.09/src/ff.o
 .text.dir_next
                0x0000439c      0x124 src/ASF/thirdparty/fatfs/fatfs-r0.09/src/ff.o
 .text.dir_find
                0x000044c0      0x198 src/ASF/thirdparty/fatfs/fatfs-r0.09/src/ff.o
 .text.dir_register
                0x00004658      0x2e4 src/ASF/thirdparty/fatfs/fatfs-r0.09/src/ff.o
 .text.sync     0x0000493c       0xf4 src/ASF/thirdparty/fatfs/fatfs-r0.09/src/ff.o
 .text.follow_path
                0x00004a30      0x344 src/ASF/thirdparty/fatfs/fatfs-r0.09/src/ff.o
 .text.f_mount  0x00004d74       0x30 src/ASF/thirdparty/fatfs/fatfs-r0.09/src/ff.o
                0x00004d74                f_mount
 .text.f_open   0x00004da4      0x188 src/ASF/thirdparty/fatfs/fatfs-r0.09/src/ff.o
                0x00004da4                f_open
 .text.f_read   0x00004f2c      0x1b4 src/ASF/thirdparty/fatfs/fatfs-r0.09/src/ff.o
                0x00004f2c                f_read
 .text.f_write  0x000050e0      0x238 src/ASF/thirdparty/fatfs/fatfs-r0.09/src/ff.o
                0x000050e0                f_write
 .text.f_sync   0x00005318       0x8c src/ASF/thirdparty/fatfs/fatfs-r0.09/src/ff.o
                0x00005318                f_sync
 .text.f_close  0x000053a4       0x18 src/ASF/thirdparty/fatfs/fatfs-r0.09/src/ff.o
                0x000053a4                f_close
 .text.f_putc   0x000053bc       0x2c src/ASF/thirdparty/fatfs/fatfs-r0.09/src/ff.o
                0x000053bc                f_putc
 .text.f_puts   0x000053e8       0x2c src/ASF/thirdparty/fatfs/fatfs-r0.09/src/ff.o
                0x000053e8                f_puts
 .text.ff_convert
                0x00005414       0x48 src/ASF/thirdparty/fatfs/fatfs-r0.09/src/option/ccsbcs.o
                0x00005414                ff_convert
 .text.ff_wtoupper
                0x0000545c       0x3c src/ASF/thirdparty/fatfs/fatfs-r0.09/src/option/ccsbcs.o
                0x0000545c                ff_wtoupper
 .text.update_firmware
                0x00005498      0x148 src/example.o
                0x00005498                update_firmware
 .text.main     0x000055e0      0x32c src/example.o
                0x000055e0                main
 .text          0x0000590c      0x114 c:/program files (x86)/atmel/studio/7.0/toolchain/arm/arm-gnu-toolchain/bin/../lib/gcc/arm-none-eabi/6.3.1/thumb/v6-m\libgcc.a(_udivsi3.o)
                0x0000590c                __aeabi_uidiv
                0x0000590c                __udivsi3
                0x00005a18                __aeabi_uidivmod
 .text          0x00005a20      0x1d4 c:/program files (x86)/atmel/studio/7.0/toolchain/arm/arm-gnu-toolchain/bin/../lib/gcc/arm-none-eabi/6.3.1/thumb/v6-m\libgcc.a(_divsi3.o)
                0x00005a20                __divsi3
                0x00005a20                __aeabi_idiv
                0x00005bec                __aeabi_idivmod
 .text          0x00005bf4        0x4 c:/program files (x86)/atmel/studio/7.0/toolchain/arm/arm-gnu-toolchain/bin/../lib/gcc/arm-none-eabi/6.3.1/thumb/v6-m\libgcc.a(_dvmd_tls.o)
                0x00005bf4                __aeabi_idiv0
                0x00005bf4                __aeabi_ldiv0
 .text          0x00005bf8       0x54 c:/program files (x86)/atmel/studio/7.0/toolchain/arm/arm-gnu-toolchain/bin/../lib/gcc/arm-none-eabi/6.3.1/thumb/v6-m\libgcc.a(_muldi3.o)
                0x00005bf8                __muldi3
                0x00005bf8                __aeabi_lmul
 .text.__libc_init_array
                0x00005c4c       0x48 c:/program files (x86)/atmel/studio/7.0/toolchain/arm/arm-gnu-toolchain/bin/../lib/gcc/arm-none-eabi/6.3.1/../../../../arm-none-eabi/lib/thumb/v6-m\libc_nano.a(lib_a-init.o)
                0x00005c4c                __libc_init_array
 .text.malloc   0x00005c94       0x14 c:/program files (x86)/atmel/studio/7.0/toolchain/arm/arm-gnu-toolchain/bin/../lib/gcc/arm-none-eabi/6.3.1/../../../../arm-none-eabi/lib/thumb/v6-m\libc_nano.a(lib_a-malloc.o)
                0x00005c94                malloc
 .text.memset   0x00005ca8       0x10 c:/program files (x86)/atmel/studio/7.0/toolchain/arm/arm-gnu-toolchain/bin/../lib/gcc/arm-none-eabi/6.3.1/../../../../arm-none-eabi/lib/thumb/v6-m\libc_nano.a(lib_a-memset.o)
                0x00005ca8                memset
 .text._free_r  0x00005cb8       0x94 c:/program files (x86)/atmel/studio/7.0/toolchain/arm/arm-gnu-toolchain/bin/../lib/gcc/arm-none-eabi/6.3.1/../../../../arm-none-eabi/lib/thumb/v6-m\libc_nano.a(lib_a-nano-freer.o)
                0x00005cb8                _free_r
 .text._malloc_r
                0x00005d4c       0xbc c:/program files (x86)/atmel/studio/7.0/toolchain/arm/arm-gnu-toolchain/bin/../lib/gcc/arm-none-eabi/6.3.1/../../../../arm-none-eabi/lib/thumb/v6-m\libc_nano.a(lib_a-nano-mallocr.o)
                0x00005d4c                _malloc_r
 .text._sbrk_r  0x00005e08       0x24 c:/program files (x86)/atmel/studio/7.0/toolchain/arm/arm-gnu-toolchain/bin/../lib/gcc/arm-none-eabi/6.3.1/../../../../arm-none-eabi/lib/thumb/v6-m\libc_nano.a(lib_a-sbrkr.o)
                0x00005e08                _sbrk_r
 .text.setbuf   0x00005e2c       0x12 c:/program files (x86)/atmel/studio/7.0/toolchain/arm/arm-gnu-toolchain/bin/../lib/gcc/arm-none-eabi/6.3.1/../../../../arm-none-eabi/lib/thumb/v6-m\libc_nano.a(lib_a-setbuf.o)
                0x00005e2c                setbuf
 *fill*         0x00005e3e        0x2 
 .text.setvbuf  0x00005e40      0x158 c:/program files (x86)/atmel/studio/7.0/toolchain/arm/arm-gnu-toolchain/bin/../lib/gcc/arm-none-eabi/6.3.1/../../../../arm-none-eabi/lib/thumb/v6-m\libc_nano.a(lib_a-setvbuf.o)
                0x00005e40                setvbuf
 .text          0x00005f98       0x14 c:/program files (x86)/atmel/studio/7.0/toolchain/arm/arm-gnu-toolchain/bin/../lib/gcc/arm-none-eabi/6.3.1/../../../../arm-none-eabi/lib/thumb/v6-m\libc_nano.a(lib_a-strcmp.o)
                0x00005f98                strcmp
 .text          0x00005fac        0xe c:/program files (x86)/atmel/studio/7.0/toolchain/arm/arm-gnu-toolchain/bin/../lib/gcc/arm-none-eabi/6.3.1/../../../../arm-none-eabi/lib/thumb/v6-m\libc_nano.a(lib_a-strlen.o)
                0x00005fac                strlen
 *fill*         0x00005fba        0x2 
 .text.strtok   0x00005fbc       0x50 c:/program files (x86)/atmel/studio/7.0/toolchain/arm/arm-gnu-toolchain/bin/../lib/gcc/arm-none-eabi/6.3.1/../../../../arm-none-eabi/lib/thumb/v6-m\libc_nano.a(lib_a-strtok.o)
                0x00005fbc                strtok
 .text.__strtok_r
                0x0000600c       0x5c c:/program files (x86)/atmel/studio/7.0/toolchain/arm/arm-gnu-toolchain/bin/../lib/gcc/arm-none-eabi/6.3.1/../../../../arm-none-eabi/lib/thumb/v6-m\libc_nano.a(lib_a-strtok_r.o)
                0x0000600c                __strtok_r
 .text._vsprintf_r
                0x00006068       0x30 c:/program files (x86)/atmel/studio/7.0/toolchain/arm/arm-gnu-toolchain/bin/../lib/gcc/arm-none-eabi/6.3.1/../../../../arm-none-eabi/lib/thumb/v6-m\libc_nano.a(lib_a-vsprintf.o)
                0x00006068                _vsprintf_r
                0x00006068                _vsiprintf_r
 .text.vsprintf
                0x00006098       0x18 c:/program files (x86)/atmel/studio/7.0/toolchain/arm/arm-gnu-toolchain/bin/../lib/gcc/arm-none-eabi/6.3.1/../../../../arm-none-eabi/lib/thumb/v6-m\libc_nano.a(lib_a-vsprintf.o)
                0x00006098                vsiprintf
                0x00006098                vsprintf
 .text.__sflush_r
                0x000060b0      0x114 c:/program files (x86)/atmel/studio/7.0/toolchain/arm/arm-gnu-toolchain/bin/../lib/gcc/arm-none-eabi/6.3.1/../../../../arm-none-eabi/lib/thumb/v6-m\libc_nano.a(lib_a-fflush.o)
                0x000060b0                __sflush_r
 .text._fflush_r
                0x000061c4       0x58 c:/program files (x86)/atmel/studio/7.0/toolchain/arm/arm-gnu-toolchain/bin/../lib/gcc/arm-none-eabi/6.3.1/../../../../arm-none-eabi/lib/thumb/v6-m\libc_nano.a(lib_a-fflush.o)
                0x000061c4                _fflush_r
 .text._cleanup_r
                0x0000621c       0x10 c:/program files (x86)/atmel/studio/7.0/toolchain/arm/arm-gnu-toolchain/bin/../lib/gcc/arm-none-eabi/6.3.1/../../../../arm-none-eabi/lib/thumb/v6-m\libc_nano.a(lib_a-findfp.o)
                0x0000621c                _cleanup_r
 .text.std.isra.0
                0x0000622c       0x48 c:/program files (x86)/atmel/studio/7.0/toolchain/arm/arm-gnu-toolchain/bin/../lib/gcc/arm-none-eabi/6.3.1/../../../../arm-none-eabi/lib/thumb/v6-m\libc_nano.a(lib_a-findfp.o)
 .text.__sfmoreglue
                0x00006274       0x2c c:/program files (x86)/atmel/studio/7.0/toolchain/arm/arm-gnu-toolchain/bin/../lib/gcc/arm-none-eabi/6.3.1/../../../../arm-none-eabi/lib/thumb/v6-m\libc_nano.a(lib_a-findfp.o)
                0x00006274                __sfmoreglue
 .text.__sinit  0x000062a0       0x68 c:/program files (x86)/atmel/studio/7.0/toolchain/arm/arm-gnu-toolchain/bin/../lib/gcc/arm-none-eabi/6.3.1/../../../../arm-none-eabi/lib/thumb/v6-m\libc_nano.a(lib_a-findfp.o)
                0x000062a0                __sinit
 .text.__sfp    0x00006308       0x80 c:/program files (x86)/atmel/studio/7.0/toolchain/arm/arm-gnu-toolchain/bin/../lib/gcc/arm-none-eabi/6.3.1/../../../../arm-none-eabi/lib/thumb/v6-m\libc_nano.a(lib_a-findfp.o)
                0x00006308                __sfp
 .text._fwalk_reent
                0x00006388       0x42 c:/program files (x86)/atmel/studio/7.0/toolchain/arm/arm-gnu-toolchain/bin/../lib/gcc/arm-none-eabi/6.3.1/../../../../arm-none-eabi/lib/thumb/v6-m\libc_nano.a(lib_a-fwalk.o)
                0x00006388                _fwalk_reent
 *fill*         0x000063ca        0x2 
 .text.__swhatbuf_r
                0x000063cc       0x50 c:/program files (x86)/atmel/studio/7.0/toolchain/arm/arm-gnu-toolchain/bin/../lib/gcc/arm-none-eabi/6.3.1/../../../../arm-none-eabi/lib/thumb/v6-m\libc_nano.a(lib_a-makebuf.o)
                0x000063cc                __swhatbuf_r
 .text.__malloc_lock
                0x0000641c        0x2 c:/program files (x86)/atmel/studio/7.0/toolchain/arm/arm-gnu-toolchain/bin/../lib/gcc/arm-none-eabi/6.3.1/../../../../arm-none-eabi/lib/thumb/v6-m\libc_nano.a(lib_a-mlock.o)
                0x0000641c                __malloc_lock
 .text.__malloc_unlock
                0x0000641e        0x2 c:/program files (x86)/atmel/studio/7.0/toolchain/arm/arm-gnu-toolchain/bin/../lib/gcc/arm-none-eabi/6.3.1/../../../../arm-none-eabi/lib/thumb/v6-m\libc_nano.a(lib_a-mlock.o)
                0x0000641e                __malloc_unlock
 .text.__ssputs_r
                0x00006420       0xc4 c:/program files (x86)/atmel/studio/7.0/toolchain/arm/arm-gnu-toolchain/bin/../lib/gcc/arm-none-eabi/6.3.1/../../../../arm-none-eabi/lib/thumb/v6-m\libc_nano.a(lib_a-nano-svfprintf.o)
                0x00006420                __ssputs_r
 .text._svfprintf_r
                0x000064e4      0x208 c:/program files (x86)/atmel/studio/7.0/toolchain/arm/arm-gnu-toolchain/bin/../lib/gcc/arm-none-eabi/6.3.1/../../../../arm-none-eabi/lib/thumb/v6-m\libc_nano.a(lib_a-nano-svfprintf.o)
                0x000064e4                _svfiprintf_r
                0x000064e4                _svfprintf_r
 .text._printf_common
                0x000066ec       0xda c:/program files (x86)/atmel/studio/7.0/toolchain/arm/arm-gnu-toolchain/bin/../lib/gcc/arm-none-eabi/6.3.1/../../../../arm-none-eabi/lib/thumb/v6-m\libc_nano.a(lib_a-nano-vfprintf_i.o)
                0x000066ec                _printf_common
 *fill*         0x000067c6        0x2 
 .text._printf_i
                0x000067c8      0x234 c:/program files (x86)/atmel/studio/7.0/toolchain/arm/arm-gnu-toolchain/bin/../lib/gcc/arm-none-eabi/6.3.1/../../../../arm-none-eabi/lib/thumb/v6-m\libc_nano.a(lib_a-nano-vfprintf_i.o)
                0x000067c8                _printf_i
 .text.__sread  0x000069fc       0x28 c:/program files (x86)/atmel/studio/7.0/toolchain/arm/arm-gnu-toolchain/bin/../lib/gcc/arm-none-eabi/6.3.1/../../../../arm-none-eabi/lib/thumb/v6-m\libc_nano.a(lib_a-stdio.o)
                0x000069fc                __sread
 .text.__swrite
                0x00006a24       0x38 c:/program files (x86)/atmel/studio/7.0/toolchain/arm/arm-gnu-toolchain/bin/../lib/gcc/arm-none-eabi/6.3.1/../../../../arm-none-eabi/lib/thumb/v6-m\libc_nano.a(lib_a-stdio.o)
                0x00006a24                __swrite
 .text.__sseek  0x00006a5c       0x2c c:/program files (x86)/atmel/studio/7.0/toolchain/arm/arm-gnu-toolchain/bin/../lib/gcc/arm-none-eabi/6.3.1/../../../../arm-none-eabi/lib/thumb/v6-m\libc_nano.a(lib_a-stdio.o)
                0x00006a5c                __sseek
 .text.__sclose
                0x00006a88        0xc c:/program files (x86)/atmel/studio/7.0/toolchain/arm/arm-gnu-toolchain/bin/../lib/gcc/arm-none-eabi/6.3.1/../../../../arm-none-eabi/lib/thumb/v6-m\libc_nano.a(lib_a-stdio.o)
                0x00006a88                __sclose
 .text._write_r
                0x00006a94       0x28 c:/program files (x86)/atmel/studio/7.0/toolchain/arm/arm-gnu-toolchain/bin/../lib/gcc/arm-none-eabi/6.3.1/../../../../arm-none-eabi/lib/thumb/v6-m\libc_nano.a(lib_a-writer.o)
                0x00006a94                _write_r
 .text._close_r
                0x00006abc       0x24 c:/program files (x86)/atmel/studio/7.0/toolchain/arm/arm-gnu-toolchain/bin/../lib/gcc/arm-none-eabi/6.3.1/../../../../arm-none-eabi/lib/thumb/v6-m\libc_nano.a(lib_a-closer.o)
                0x00006abc                _close_r
 .text._fstat_r
                0x00006ae0       0x24 c:/program files (x86)/atmel/studio/7.0/toolchain/arm/arm-gnu-toolchain/bin/../lib/gcc/arm-none-eabi/6.3.1/../../../../arm-none-eabi/lib/thumb/v6-m\libc_nano.a(lib_a-fstatr.o)
                0x00006ae0                _fstat_r
 .text._lseek_r
                0x00006b04       0x28 c:/program files (x86)/atmel/studio/7.0/toolchain/arm/arm-gnu-toolchain/bin/../lib/gcc/arm-none-eabi/6.3.1/../../../../arm-none-eabi/lib/thumb/v6-m\libc_nano.a(lib_a-lseekr.o)
                0x00006b04                _lseek_r
 .text.memchr   0x00006b2c       0x16 c:/program files (x86)/atmel/studio/7.0/toolchain/arm/arm-gnu-toolchain/bin/../lib/gcc/arm-none-eabi/6.3.1/../../../../arm-none-eabi/lib/thumb/v6-m\libc_nano.a(lib_a-memchr-stub.o)
                0x00006b2c                memchr
 .text.memcpy   0x00006b42       0x12 c:/program files (x86)/atmel/studio/7.0/toolchain/arm/arm-gnu-toolchain/bin/../lib/gcc/arm-none-eabi/6.3.1/../../../../arm-none-eabi/lib/thumb/v6-m\libc_nano.a(lib_a-memcpy-stub.o)
                0x00006b42                memcpy
 .text.memmove  0x00006b54       0x24 c:/program files (x86)/atmel/studio/7.0/toolchain/arm/arm-gnu-toolchain/bin/../lib/gcc/arm-none-eabi/6.3.1/../../../../arm-none-eabi/lib/thumb/v6-m\libc_nano.a(lib_a-memmove.o)
                0x00006b54                memmove
 .text._realloc_r
                0x00006b78       0x4c c:/program files (x86)/atmel/studio/7.0/toolchain/arm/arm-gnu-toolchain/bin/../lib/gcc/arm-none-eabi/6.3.1/../../../../arm-none-eabi/lib/thumb/v6-m\libc_nano.a(lib_a-nano-reallocr.o)
                0x00006b78                _realloc_r
 .text._read_r  0x00006bc4       0x28 c:/program files (x86)/atmel/studio/7.0/toolchain/arm/arm-gnu-toolchain/bin/../lib/gcc/arm-none-eabi/6.3.1/../../../../arm-none-eabi/lib/thumb/v6-m\libc_nano.a(lib_a-readr.o)
                0x00006bc4                _read_r
 .text._malloc_usable_size_r
                0x00006bec       0x10 c:/program files (x86)/atmel/studio/7.0/toolchain/arm/arm-gnu-toolchain/bin/../lib/gcc/arm-none-eabi/6.3.1/../../../../arm-none-eabi/lib/thumb/v6-m\libc_nano.a(lib_a-nano-msizer.o)
                0x00006bec                _malloc_usable_size_r
 *(.glue_7t)
 .glue_7t       0x00006bfc        0x0 linker stubs
 *(.glue_7)
 .glue_7        0x00006bfc        0x0 linker stubs
 *(.rodata .rodata* .gnu.linkonce.r.*)
 .rodata.nvm_execute_command
                0x00006bfc      0x118 src/ASF/sam0/drivers/nvm/nvm.o
 .rodata.mmc_trans_multipliers
                0x00006d14       0x40 src/ASF/common2/components/memory/sd_mmc/sd_mmc.o
                0x00006d14                mmc_trans_multipliers
 .rodata.sd_mmc_trans_units
                0x00006d54       0x1c src/ASF/common2/components/memory/sd_mmc/sd_mmc.o
                0x00006d54                sd_mmc_trans_units
 .rodata.sd_trans_multipliers
                0x00006d70       0x40 src/ASF/common2/components/memory/sd_mmc/sd_mmc.o
                0x00006d70                sd_trans_multipliers
 .rodata        0x00006db0       0x18 src/ASF/sam0/drivers/sercom/sercom.o
 .rodata.system_clock_source_get_hz
                0x00006dc8       0x24 src/ASF/sam0/drivers/system/clock/clock_samd21_r21_da_ha1/clock.o
 .rodata.system_clock_source_enable
                0x00006dec       0x24 src/ASF/sam0/drivers/system/clock/clock_samd21_r21_da_ha1/clock.o
 .rodata.LfnOfs
                0x00006e10        0xd src/ASF/thirdparty/fatfs/fatfs-r0.09/src/ff.o
 *fill*         0x00006e1d        0x3 
 .rodata.excvt.4558
                0x00006e20       0x80 src/ASF/thirdparty/fatfs/fatfs-r0.09/src/ff.o
 .rodata.follow_path.str1.4
                0x00006ea0       0x13 src/ASF/thirdparty/fatfs/fatfs-r0.09/src/ff.o
 *fill*         0x00006eb3        0x1 
 .rodata.Tbl    0x00006eb4      0x100 src/ASF/thirdparty/fatfs/fatfs-r0.09/src/option/ccsbcs.o
 .rodata.tbl_lower.4308
                0x00006fb4      0x1e0 src/ASF/thirdparty/fatfs/fatfs-r0.09/src/option/ccsbcs.o
 .rodata.tbl_upper.4309
                0x00007194      0x1e0 src/ASF/thirdparty/fatfs/fatfs-r0.09/src/option/ccsbcs.o
 .rodata.main.str1.4
                0x00007374      0x2ef src/example.o
                                0x2f3 (size before relaxing)
 *fill*         0x00007663        0x1 
 .rodata.update_firmware.str1.4
                0x00007664      0x164 src/example.o
                                0x162 (size before relaxing)
 .rodata._global_impure_ptr
                0x000077c8        0x4 c:/program files (x86)/atmel/studio/7.0/toolchain/arm/arm-gnu-toolchain/bin/../lib/gcc/arm-none-eabi/6.3.1/../../../../arm-none-eabi/lib/thumb/v6-m\libc_nano.a(lib_a-impure.o)
                0x000077c8                _global_impure_ptr
 .rodata.__sf_fake_stderr
                0x000077cc       0x20 c:/program files (x86)/atmel/studio/7.0/toolchain/arm/arm-gnu-toolchain/bin/../lib/gcc/arm-none-eabi/6.3.1/../../../../arm-none-eabi/lib/thumb/v6-m\libc_nano.a(lib_a-findfp.o)
                0x000077cc                __sf_fake_stderr
 .rodata.__sf_fake_stdin
                0x000077ec       0x20 c:/program files (x86)/atmel/studio/7.0/toolchain/arm/arm-gnu-toolchain/bin/../lib/gcc/arm-none-eabi/6.3.1/../../../../arm-none-eabi/lib/thumb/v6-m\libc_nano.a(lib_a-findfp.o)
                0x000077ec                __sf_fake_stdin
 .rodata.__sf_fake_stdout
                0x0000780c       0x20 c:/program files (x86)/atmel/studio/7.0/toolchain/arm/arm-gnu-toolchain/bin/../lib/gcc/arm-none-eabi/6.3.1/../../../../arm-none-eabi/lib/thumb/v6-m\libc_nano.a(lib_a-findfp.o)
                0x0000780c                __sf_fake_stdout
 .rodata._svfprintf_r.str1.1
                0x0000782c       0x11 c:/program files (x86)/atmel/studio/7.0/toolchain/arm/arm-gnu-toolchain/bin/../lib/gcc/arm-none-eabi/6.3.1/../../../../arm-none-eabi/lib/thumb/v6-m\libc_nano.a(lib_a-nano-svfprintf.o)
 .rodata._printf_i.str1.1
                0x0000783d       0x22 c:/program files (x86)/atmel/studio/7.0/toolchain/arm/arm-gnu-toolchain/bin/../lib/gcc/arm-none-eabi/6.3.1/../../../../arm-none-eabi/lib/thumb/v6-m\libc_nano.a(lib_a-nano-vfprintf_i.o)
 *(.ARM.extab* .gnu.linkonce.armextab.*)
                0x00007860                . = ALIGN (0x4)
 *fill*         0x0000785f        0x1 
 *(.init)
 .init          0x00007860        0x4 c:/program files (x86)/atmel/studio/7.0/toolchain/arm/arm-gnu-toolchain/bin/../lib/gcc/arm-none-eabi/6.3.1/thumb/v6-m/crti.o
                0x00007860                _init
 .init          0x00007864        0x8 c:/program files (x86)/atmel/studio/7.0/toolchain/arm/arm-gnu-toolchain/bin/../lib/gcc/arm-none-eabi/6.3.1/thumb/v6-m/crtn.o
                0x0000786c                . = ALIGN (0x4)
                0x0000786c                __preinit_array_start = .
 *(.preinit_array)
                0x0000786c                __preinit_array_end = .
                0x0000786c                . = ALIGN (0x4)
                0x0000786c                __init_array_start = .
 *(SORT(.init_array.*))
 *(.init_array)
 .init_array    0x0000786c        0x4 c:/program files (x86)/atmel/studio/7.0/toolchain/arm/arm-gnu-toolchain/bin/../lib/gcc/arm-none-eabi/6.3.1/thumb/v6-m/crtbegin.o
                0x00007870                __init_array_end = .
                0x00007870                . = ALIGN (0x4)
 *crtbegin.o(.ctors)
 *(EXCLUDE_FILE(*crtend.o) .ctors)
 *(SORT(.ctors.*))
 *crtend.o(.ctors)
                0x00007870                . = ALIGN (0x4)
 *(.fini)
 .fini          0x00007870        0x4 c:/program files (x86)/atmel/studio/7.0/toolchain/arm/arm-gnu-toolchain/bin/../lib/gcc/arm-none-eabi/6.3.1/thumb/v6-m/crti.o
                0x00007870                _fini
 .fini          0x00007874        0x8 c:/program files (x86)/atmel/studio/7.0/toolchain/arm/arm-gnu-toolchain/bin/../lib/gcc/arm-none-eabi/6.3.1/thumb/v6-m/crtn.o
                0x0000787c                . = ALIGN (0x4)
                0x0000787c                __fini_array_start = .
 *(.fini_array)
 .fini_array    0x0000787c        0x4 c:/program files (x86)/atmel/studio/7.0/toolchain/arm/arm-gnu-toolchain/bin/../lib/gcc/arm-none-eabi/6.3.1/thumb/v6-m/crtbegin.o
 *(SORT(.fini_array.*))
                0x00007880                __fini_array_end = .
 *crtbegin.o(.dtors)
 *(EXCLUDE_FILE(*crtend.o) .dtors)
 *(SORT(.dtors.*))
 *crtend.o(.dtors)
                0x00007880                . = ALIGN (0x4)
                0x00007880                _efixed = .
                [!provide]                PROVIDE (__exidx_start, .)

.vfp11_veneer   0x00007880        0x0
 .vfp11_veneer  0x00007880        0x0 linker stubs

.v4_bx          0x00007880        0x0
 .v4_bx         0x00007880        0x0 linker stubs

.iplt           0x00007880        0x0
 .iplt          0x00007880        0x0 c:/program files (x86)/atmel/studio/7.0/toolchain/arm/arm-gnu-toolchain/bin/../lib/gcc/arm-none-eabi/6.3.1/thumb/v6-m/crtbegin.o

.eh_frame       0x00007880        0x0
 .eh_frame      0x00007880        0x0 c:/program files (x86)/atmel/studio/7.0/toolchain/arm/arm-gnu-toolchain/bin/../lib/gcc/arm-none-eabi/6.3.1/thumb/v6-m/crtbegin.o

.rel.dyn        0x00007880        0x0
 .rel.iplt      0x00007880        0x0 c:/program files (x86)/atmel/studio/7.0/toolchain/arm/arm-gnu-toolchain/bin/../lib/gcc/arm-none-eabi/6.3.1/thumb/v6-m/crtbegin.o

.jcr            0x00007880        0x0
 .jcr           0x00007880        0x0 c:/program files (x86)/atmel/studio/7.0/toolchain/arm/arm-gnu-toolchain/bin/../lib/gcc/arm-none-eabi/6.3.1/thumb/v6-m/crtbegin.o

.igot.plt       0x00007880        0x0
 .igot.plt      0x00007880        0x0 c:/program files (x86)/atmel/studio/7.0/toolchain/arm/arm-gnu-toolchain/bin/../lib/gcc/arm-none-eabi/6.3.1/thumb/v6-m/crtbegin.o

.ARM.exidx
 *(.ARM.exidx* .gnu.linkonce.armexidx.*)
                [!provide]                PROVIDE (__exidx_end, .)
                0x00007880                . = ALIGN (0x4)
                0x00007880                _etext = .

.relocate       0x20000000       0x70 load address 0x00007880
                0x20000000                . = ALIGN (0x4)
                0x20000000                _srelocate = .
 *(.ramfunc .ramfunc.*)
 *(.data .data.*)
 .data.cycles_per_ms
                0x20000000        0x4 src/ASF/common2/services/delay/sam0/systick_counter.o
 .data.cycles_per_us
                0x20000004        0x4 src/ASF/common2/services/delay/sam0/systick_counter.o
 .data.ss_pins  0x20000008        0x1 src/ASF/common2/components/memory/sd_mmc/sd_mmc_spi.o
                0x20000008                ss_pins
 .data.g_interrupt_enabled
                0x20000009        0x1 src/ASF/common/utils/interrupt/interrupt_sam_nvic.o
                0x20000009                g_interrupt_enabled
 *fill*         0x2000000a        0x2 
 .data._impure_ptr
                0x2000000c        0x4 c:/program files (x86)/atmel/studio/7.0/toolchain/arm/arm-gnu-toolchain/bin/../lib/gcc/arm-none-eabi/6.3.1/../../../../arm-none-eabi/lib/thumb/v6-m\libc_nano.a(lib_a-impure.o)
                0x2000000c                _impure_ptr
 .data.impure_data
                0x20000010       0x60 c:/program files (x86)/atmel/studio/7.0/toolchain/arm/arm-gnu-toolchain/bin/../lib/gcc/arm-none-eabi/6.3.1/../../../../arm-none-eabi/lib/thumb/v6-m\libc_nano.a(lib_a-impure.o)
                0x20000070                . = ALIGN (0x4)
                0x20000070                _erelocate = .

.bss            0x20000070      0x990 load address 0x000078f0
                0x20000070                . = ALIGN (0x4)
                0x20000070                _sbss = .
                0x20000070                _szero = .
 *(.bss .bss.*)
 .bss           0x20000070       0x1c c:/program files (x86)/atmel/studio/7.0/toolchain/arm/arm-gnu-toolchain/bin/../lib/gcc/arm-none-eabi/6.3.1/thumb/v6-m/crtbegin.o
 .bss._nvm_dev  0x2000008c        0x6 src/ASF/sam0/drivers/nvm/nvm.o
 .bss.currentDebugLevel
                0x20000092        0x1 src/SerialConsole/SerialConsole.o
                0x20000092                currentDebugLevel
 *fill*         0x20000093        0x1 
 .bss.sd_mmc_card
                0x20000094        0x4 src/ASF/common2/components/memory/sd_mmc/sd_mmc.o
 .bss.sd_mmc_cards
                0x20000098       0x20 src/ASF/common2/components/memory/sd_mmc/sd_mmc.o
 .bss.sd_mmc_nb_block_remaining
                0x200000b8        0x2 src/ASF/common2/components/memory/sd_mmc/sd_mmc.o
 .bss.sd_mmc_nb_block_to_tranfer
                0x200000ba        0x2 src/ASF/common2/components/memory/sd_mmc/sd_mmc.o
 .bss.sd_mmc_slot_sel
                0x200000bc        0x1 src/ASF/common2/components/memory/sd_mmc/sd_mmc.o
 *fill*         0x200000bd        0x3 
 .bss.sd_mmc_ejected
                0x200000c0        0x2 src/ASF/common2/components/memory/sd_mmc/sd_mmc_mem.o
 *fill*         0x200000c2        0x2 
 .bss.sd_mmc_master
                0x200000c4       0x3c src/ASF/common2/components/memory/sd_mmc/sd_mmc_spi.o
 .bss.sd_mmc_spi_block_size
                0x20000100        0x2 src/ASF/common2/components/memory/sd_mmc/sd_mmc_spi.o
 *fill*         0x20000102        0x2 
 .bss.sd_mmc_spi_devices
                0x20000104        0x3 src/ASF/common2/components/memory/sd_mmc/sd_mmc_spi.o
 .bss.sd_mmc_spi_err
                0x20000107        0x1 src/ASF/common2/components/memory/sd_mmc/sd_mmc_spi.o
 .bss.sd_mmc_spi_nb_block
                0x20000108        0x2 src/ASF/common2/components/memory/sd_mmc/sd_mmc_spi.o
 *fill*         0x2000010a        0x2 
 .bss.sd_mmc_spi_response_32
                0x2000010c        0x4 src/ASF/common2/components/memory/sd_mmc/sd_mmc_spi.o
 .bss.sd_mmc_spi_transfert_pos
                0x20000110        0x4 src/ASF/common2/components/memory/sd_mmc/sd_mmc_spi.o
 .bss.slave_configs
                0x20000114        0x3 src/ASF/common2/components/memory/sd_mmc/sd_mmc_spi.o
 *fill*         0x20000117        0x1 
 .bss.cpu_irq_critical_section_counter
                0x20000118        0x4 src/ASF/common/utils/interrupt/interrupt_sam_nvic.o
 .bss.cpu_irq_prev_interrupt_state
                0x2000011c        0x1 src/ASF/common/utils/interrupt/interrupt_sam_nvic.o
 *fill*         0x2000011d        0x3 
 .bss._sercom_config
                0x20000120        0x2 src/ASF/sam0/drivers/sercom/sercom.o
 .bss._handler_table_initialized
                0x20000122        0x1 src/ASF/sam0/drivers/sercom/sercom_interrupt.o
 *fill*         0x20000123        0x1 
 .bss._sercom_interrupt_handlers
                0x20000124       0x18 src/ASF/sam0/drivers/sercom/sercom_interrupt.o
 .bss._system_clock_inst
                0x2000013c       0x18 src/ASF/sam0/drivers/system/clock/clock_samd21_r21_da_ha1/clock.o
 .bss.heap.5296
                0x20000154        0x4 src/ASF/sam0/utils/syscalls/gcc/syscalls.o
 .bss.FatFs     0x20000158       0x20 src/ASF/thirdparty/fatfs/fatfs-r0.09/src/ff.o
 .bss.Fsid      0x20000178        0x2 src/ASF/thirdparty/fatfs/fatfs-r0.09/src/ff.o
 *fill*         0x2000017a        0x2 
 .bss.__malloc_free_list
                0x2000017c        0x4 c:/program files (x86)/atmel/studio/7.0/toolchain/arm/arm-gnu-toolchain/bin/../lib/gcc/arm-none-eabi/6.3.1/../../../../arm-none-eabi/lib/thumb/v6-m\libc_nano.a(lib_a-nano-mallocr.o)
                0x2000017c                __malloc_free_list
 .bss.__malloc_sbrk_start
                0x20000180        0x4 c:/program files (x86)/atmel/studio/7.0/toolchain/arm/arm-gnu-toolchain/bin/../lib/gcc/arm-none-eabi/6.3.1/../../../../arm-none-eabi/lib/thumb/v6-m\libc_nano.a(lib_a-nano-mallocr.o)
                0x20000180                __malloc_sbrk_start
 *(COMMON)
 COMMON         0x20000184      0x844 src/SerialConsole/SerialConsole.o
                0x20000184                usart_instance
                0x200001b8                cbufRx
                0x200001bc                latestRx
                0x200001c0                txCharacterBuffer
                0x200005c0                rxCharacterBuffer
                0x200009c0                latestTx
                0x200009c4                cbufTx
 COMMON         0x200009c8        0x4 src/ASF/sam0/drivers/rtc/rtc_sam_d_r_h/rtc_calendar.o
                0x200009c8                _rtc_instance
 COMMON         0x200009cc       0x18 src/ASF/sam0/drivers/sercom/sercom_interrupt.o
                0x200009cc                _sercom_instances
 COMMON         0x200009e4        0x2 src/ASF/sam0/drivers/sercom/spi/spi_interrupt.o
                0x200009e4                dummy_write
 *fill*         0x200009e6        0x2 
 COMMON         0x200009e8        0x4 src/ASF/sam0/utils/stdio/read.o
                0x200009e8                ptr_get
 COMMON         0x200009ec        0x8 src/ASF/sam0/utils/stdio/write.o
                0x200009ec                ptr_put
                0x200009f0                stdio_base
 COMMON         0x200009f4        0x8 src/ASF/thirdparty/fatfs/fatfs-port-r0.09/diskio.o
                0x200009f4                rtc_instance
 COMMON         0x200009fc        0x4 c:/program files (x86)/atmel/studio/7.0/toolchain/arm/arm-gnu-toolchain/bin/../lib/gcc/arm-none-eabi/6.3.1/../../../../arm-none-eabi/lib/thumb/v6-m\libc_nano.a(lib_a-reent.o)
                0x200009fc                errno
                0x20000a00                . = ALIGN (0x4)
                0x20000a00                _ebss = .
                0x20000a00                _ezero = .

.stack          0x20000a00     0x2000 load address 0x00008280
                0x20000a00                . = ALIGN (0x8)
                0x20000a00                _sstack = .
                0x20002a00                . = (. + STACK_SIZE)
 *fill*         0x20000a00     0x2000 
                0x20002a00                . = ALIGN (0x8)
                0x20002a00                _estack = .
                0x20002a00                . = ALIGN (0x4)
                0x20002a00                _end = .
OUTPUT(SD_MMC_bootloader_EXAMPLE_ESE516.elf elf32-littlearm)

.ARM.attributes
                0x00000000       0x28
 .ARM.attributes
                0x00000000       0x1e c:/program files (x86)/atmel/studio/7.0/toolchain/arm/arm-gnu-toolchain/bin/../lib/gcc/arm-none-eabi/6.3.1/thumb/v6-m/crti.o
 .ARM.attributes
                0x0000001e       0x2c c:/program files (x86)/atmel/studio/7.0/toolchain/arm/arm-gnu-toolchain/bin/../lib/gcc/arm-none-eabi/6.3.1/thumb/v6-m/crtbegin.o
 .ARM.attributes
                0x0000004a       0x32 src/ASF/common2/services/delay/sam0/systick_counter.o
 .ARM.attributes
                0x0000007c       0x32 src/ASF/common/services/crc32/crc32.o
 .ARM.attributes
                0x000000ae       0x32 src/ASF/sam0/boards/board_init.o
 .ARM.attributes
                0x000000e0       0x32 src/ASF/sam0/drivers/nvm/nvm.o
 .ARM.attributes
                0x00000112       0x32 src/SerialConsole/circular_buffer.o
 .ARM.attributes
                0x00000144       0x32 src/SerialConsole/SerialConsole.o
 .ARM.attributes
                0x00000176       0x32 src/ASF/common2/components/memory/sd_mmc/sd_mmc.o
 .ARM.attributes
                0x000001a8       0x32 src/ASF/common2/components/memory/sd_mmc/sd_mmc_mem.o
 .ARM.attributes
                0x000001da       0x32 src/ASF/common2/components/memory/sd_mmc/sd_mmc_spi.o
 .ARM.attributes
                0x0000020c       0x32 src/ASF/common/services/storage/ctrl_access/ctrl_access.o
 .ARM.attributes
                0x0000023e       0x32 src/ASF/common/utils/interrupt/interrupt_sam_nvic.o
 .ARM.attributes
                0x00000270       0x32 src/ASF/sam0/drivers/port/port.o
 .ARM.attributes
                0x000002a2       0x32 src/ASF/sam0/drivers/rtc/rtc_sam_d_r_h/rtc_calendar.o
 .ARM.attributes
                0x000002d4       0x32 src/ASF/sam0/drivers/sercom/sercom.o
 .ARM.attributes
                0x00000306       0x32 src/ASF/sam0/drivers/sercom/sercom_interrupt.o
 .ARM.attributes
                0x00000338       0x32 src/ASF/sam0/drivers/sercom/spi/spi.o
 .ARM.attributes
                0x0000036a       0x32 src/ASF/sam0/drivers/sercom/spi/spi_interrupt.o
 .ARM.attributes
                0x0000039c       0x32 src/ASF/sam0/drivers/sercom/usart/usart.o
 .ARM.attributes
                0x000003ce       0x32 src/ASF/sam0/drivers/sercom/usart/usart_interrupt.o
 .ARM.attributes
                0x00000400       0x32 src/ASF/sam0/drivers/system/clock/clock_samd21_r21_da_ha1/clock.o
 .ARM.attributes
                0x00000432       0x32 src/ASF/sam0/drivers/system/clock/clock_samd21_r21_da_ha1/gclk.o
 .ARM.attributes
                0x00000464       0x32 src/ASF/sam0/drivers/system/pinmux/pinmux.o
 .ARM.attributes
                0x00000496       0x32 src/ASF/sam0/drivers/system/system.o
 .ARM.attributes
                0x000004c8       0x32 src/ASF/sam0/utils/cmsis/samd21/source/gcc/startup_samd21.o
 .ARM.attributes
                0x000004fa       0x32 src/ASF/sam0/utils/stdio/read.o
 .ARM.attributes
                0x0000052c       0x32 src/ASF/sam0/utils/stdio/write.o
 .ARM.attributes
                0x0000055e       0x32 src/ASF/sam0/utils/syscalls/gcc/syscalls.o
 .ARM.attributes
                0x00000590       0x32 src/ASF/thirdparty/fatfs/fatfs-port-r0.09/diskio.o
 .ARM.attributes
                0x000005c2       0x32 src/ASF/thirdparty/fatfs/fatfs-port-r0.09/sam0/fattime_rtc.o
 .ARM.attributes
                0x000005f4       0x32 src/ASF/thirdparty/fatfs/fatfs-r0.09/src/ff.o
 .ARM.attributes
                0x00000626       0x32 src/ASF/thirdparty/fatfs/fatfs-r0.09/src/option/ccsbcs.o
 .ARM.attributes
                0x00000658       0x32 src/example.o
 .ARM.attributes
                0x0000068a       0x1e c:/program files (x86)/atmel/studio/7.0/toolchain/arm/arm-gnu-toolchain/bin/../lib/gcc/arm-none-eabi/6.3.1/thumb/v6-m\libgcc.a(_udivsi3.o)
 .ARM.attributes
                0x000006a8       0x1e c:/program files (x86)/atmel/studio/7.0/toolchain/arm/arm-gnu-toolchain/bin/../lib/gcc/arm-none-eabi/6.3.1/thumb/v6-m\libgcc.a(_divsi3.o)
 .ARM.attributes
                0x000006c6       0x1e c:/program files (x86)/atmel/studio/7.0/toolchain/arm/arm-gnu-toolchain/bin/../lib/gcc/arm-none-eabi/6.3.1/thumb/v6-m\libgcc.a(_dvmd_tls.o)
 .ARM.attributes
                0x000006e4       0x2c c:/program files (x86)/atmel/studio/7.0/toolchain/arm/arm-gnu-toolchain/bin/../lib/gcc/arm-none-eabi/6.3.1/thumb/v6-m\libgcc.a(_muldi3.o)
 .ARM.attributes
                0x00000710       0x2c c:/program files (x86)/atmel/studio/7.0/toolchain/arm/arm-gnu-toolchain/bin/../lib/gcc/arm-none-eabi/6.3.1/../../../../arm-none-eabi/lib/thumb/v6-m\libc_nano.a(lib_a-impure.o)
 .ARM.attributes
                0x0000073c       0x2c c:/program files (x86)/atmel/studio/7.0/toolchain/arm/arm-gnu-toolchain/bin/../lib/gcc/arm-none-eabi/6.3.1/../../../../arm-none-eabi/lib/thumb/v6-m\libc_nano.a(lib_a-init.o)
 .ARM.attributes
                0x00000768       0x2c c:/program files (x86)/atmel/studio/7.0/toolchain/arm/arm-gnu-toolchain/bin/../lib/gcc/arm-none-eabi/6.3.1/../../../../arm-none-eabi/lib/thumb/v6-m\libc_nano.a(lib_a-malloc.o)
 .ARM.attributes
                0x00000794       0x2c c:/program files (x86)/atmel/studio/7.0/toolchain/arm/arm-gnu-toolchain/bin/../lib/gcc/arm-none-eabi/6.3.1/../../../../arm-none-eabi/lib/thumb/v6-m\libc_nano.a(lib_a-memset.o)
 .ARM.attributes
                0x000007c0       0x2c c:/program files (x86)/atmel/studio/7.0/toolchain/arm/arm-gnu-toolchain/bin/../lib/gcc/arm-none-eabi/6.3.1/../../../../arm-none-eabi/lib/thumb/v6-m\libc_nano.a(lib_a-nano-freer.o)
 .ARM.attributes
                0x000007ec       0x2c c:/program files (x86)/atmel/studio/7.0/toolchain/arm/arm-gnu-toolchain/bin/../lib/gcc/arm-none-eabi/6.3.1/../../../../arm-none-eabi/lib/thumb/v6-m\libc_nano.a(lib_a-nano-mallocr.o)
 .ARM.attributes
                0x00000818       0x2c c:/program files (x86)/atmel/studio/7.0/toolchain/arm/arm-gnu-toolchain/bin/../lib/gcc/arm-none-eabi/6.3.1/../../../../arm-none-eabi/lib/thumb/v6-m\libc_nano.a(lib_a-sbrkr.o)
 .ARM.attributes
                0x00000844       0x2c c:/program files (x86)/atmel/studio/7.0/toolchain/arm/arm-gnu-toolchain/bin/../lib/gcc/arm-none-eabi/6.3.1/../../../../arm-none-eabi/lib/thumb/v6-m\libc_nano.a(lib_a-setbuf.o)
 .ARM.attributes
                0x00000870       0x2c c:/program files (x86)/atmel/studio/7.0/toolchain/arm/arm-gnu-toolchain/bin/../lib/gcc/arm-none-eabi/6.3.1/../../../../arm-none-eabi/lib/thumb/v6-m\libc_nano.a(lib_a-setvbuf.o)
 .ARM.attributes
                0x0000089c       0x1c c:/program files (x86)/atmel/studio/7.0/toolchain/arm/arm-gnu-toolchain/bin/../lib/gcc/arm-none-eabi/6.3.1/../../../../arm-none-eabi/lib/thumb/v6-m\libc_nano.a(lib_a-strcmp.o)
 .ARM.attributes
                0x000008b8       0x1c c:/program files (x86)/atmel/studio/7.0/toolchain/arm/arm-gnu-toolchain/bin/../lib/gcc/arm-none-eabi/6.3.1/../../../../arm-none-eabi/lib/thumb/v6-m\libc_nano.a(lib_a-strlen.o)
 .ARM.attributes
                0x000008d4       0x2c c:/program files (x86)/atmel/studio/7.0/toolchain/arm/arm-gnu-toolchain/bin/../lib/gcc/arm-none-eabi/6.3.1/../../../../arm-none-eabi/lib/thumb/v6-m\libc_nano.a(lib_a-strtok.o)
 .ARM.attributes
                0x00000900       0x2c c:/program files (x86)/atmel/studio/7.0/toolchain/arm/arm-gnu-toolchain/bin/../lib/gcc/arm-none-eabi/6.3.1/../../../../arm-none-eabi/lib/thumb/v6-m\libc_nano.a(lib_a-strtok_r.o)
 .ARM.attributes
                0x0000092c       0x2c c:/program files (x86)/atmel/studio/7.0/toolchain/arm/arm-gnu-toolchain/bin/../lib/gcc/arm-none-eabi/6.3.1/../../../../arm-none-eabi/lib/thumb/v6-m\libc_nano.a(lib_a-vsprintf.o)
 .ARM.attributes
                0x00000958       0x2c c:/program files (x86)/atmel/studio/7.0/toolchain/arm/arm-gnu-toolchain/bin/../lib/gcc/arm-none-eabi/6.3.1/../../../../arm-none-eabi/lib/thumb/v6-m\libc_nano.a(lib_a-fflush.o)
 .ARM.attributes
                0x00000984       0x2c c:/program files (x86)/atmel/studio/7.0/toolchain/arm/arm-gnu-toolchain/bin/../lib/gcc/arm-none-eabi/6.3.1/../../../../arm-none-eabi/lib/thumb/v6-m\libc_nano.a(lib_a-findfp.o)
 .ARM.attributes
                0x000009b0       0x2c c:/program files (x86)/atmel/studio/7.0/toolchain/arm/arm-gnu-toolchain/bin/../lib/gcc/arm-none-eabi/6.3.1/../../../../arm-none-eabi/lib/thumb/v6-m\libc_nano.a(lib_a-fwalk.o)
 .ARM.attributes
                0x000009dc       0x2c c:/program files (x86)/atmel/studio/7.0/toolchain/arm/arm-gnu-toolchain/bin/../lib/gcc/arm-none-eabi/6.3.1/../../../../arm-none-eabi/lib/thumb/v6-m\libc_nano.a(lib_a-makebuf.o)
 .ARM.attributes
                0x00000a08       0x2c c:/program files (x86)/atmel/studio/7.0/toolchain/arm/arm-gnu-toolchain/bin/../lib/gcc/arm-none-eabi/6.3.1/../../../../arm-none-eabi/lib/thumb/v6-m\libc_nano.a(lib_a-mlock.o)
 .ARM.attributes
                0x00000a34       0x2c c:/program files (x86)/atmel/studio/7.0/toolchain/arm/arm-gnu-toolchain/bin/../lib/gcc/arm-none-eabi/6.3.1/../../../../arm-none-eabi/lib/thumb/v6-m\libc_nano.a(lib_a-nano-svfprintf.o)
 .ARM.attributes
                0x00000a60       0x2c c:/program files (x86)/atmel/studio/7.0/toolchain/arm/arm-gnu-toolchain/bin/../lib/gcc/arm-none-eabi/6.3.1/../../../../arm-none-eabi/lib/thumb/v6-m\libc_nano.a(lib_a-nano-vfprintf_i.o)
 .ARM.attributes
                0x00000a8c       0x2c c:/program files (x86)/atmel/studio/7.0/toolchain/arm/arm-gnu-toolchain/bin/../lib/gcc/arm-none-eabi/6.3.1/../../../../arm-none-eabi/lib/thumb/v6-m\libc_nano.a(lib_a-reent.o)
 .ARM.attributes
                0x00000ab8       0x2c c:/program files (x86)/atmel/studio/7.0/toolchain/arm/arm-gnu-toolchain/bin/../lib/gcc/arm-none-eabi/6.3.1/../../../../arm-none-eabi/lib/thumb/v6-m\libc_nano.a(lib_a-stdio.o)
 .ARM.attributes
                0x00000ae4       0x2c c:/program files (x86)/atmel/studio/7.0/toolchain/arm/arm-gnu-toolchain/bin/../lib/gcc/arm-none-eabi/6.3.1/../../../../arm-none-eabi/lib/thumb/v6-m\libc_nano.a(lib_a-writer.o)
 .ARM.attributes
                0x00000b10       0x2c c:/program files (x86)/atmel/studio/7.0/toolchain/arm/arm-gnu-toolchain/bin/../lib/gcc/arm-none-eabi/6.3.1/../../../../arm-none-eabi/lib/thumb/v6-m\libc_nano.a(lib_a-closer.o)
 .ARM.attributes
                0x00000b3c       0x2c c:/program files (x86)/atmel/studio/7.0/toolchain/arm/arm-gnu-toolchain/bin/../lib/gcc/arm-none-eabi/6.3.1/../../../../arm-none-eabi/lib/thumb/v6-m\libc_nano.a(lib_a-fstatr.o)
 .ARM.attributes
                0x00000b68       0x2c c:/program files (x86)/atmel/studio/7.0/toolchain/arm/arm-gnu-toolchain/bin/../lib/gcc/arm-none-eabi/6.3.1/../../../../arm-none-eabi/lib/thumb/v6-m\libc_nano.a(lib_a-lseekr.o)
 .ARM.attributes
                0x00000b94       0x2c c:/program files (x86)/atmel/studio/7.0/toolchain/arm/arm-gnu-toolchain/bin/../lib/gcc/arm-none-eabi/6.3.1/../../../../arm-none-eabi/lib/thumb/v6-m\libc_nano.a(lib_a-memchr-stub.o)
 .ARM.attributes
                0x00000bc0       0x2c c:/program files (x86)/atmel/studio/7.0/toolchain/arm/arm-gnu-toolchain/bin/../lib/gcc/arm-none-eabi/6.3.1/../../../../arm-none-eabi/lib/thumb/v6-m\libc_nano.a(lib_a-memcpy-stub.o)
 .ARM.attributes
                0x00000bec       0x2c c:/program files (x86)/atmel/studio/7.0/toolchain/arm/arm-gnu-toolchain/bin/../lib/gcc/arm-none-eabi/6.3.1/../../../../arm-none-eabi/lib/thumb/v6-m\libc_nano.a(lib_a-memmove.o)
 .ARM.attributes
                0x00000c18       0x2c c:/program files (x86)/atmel/studio/7.0/toolchain/arm/arm-gnu-toolchain/bin/../lib/gcc/arm-none-eabi/6.3.1/../../../../arm-none-eabi/lib/thumb/v6-m\libc_nano.a(lib_a-nano-reallocr.o)
 .ARM.attributes
                0x00000c44       0x2c c:/program files (x86)/atmel/studio/7.0/toolchain/arm/arm-gnu-toolchain/bin/../lib/gcc/arm-none-eabi/6.3.1/../../../../arm-none-eabi/lib/thumb/v6-m\libc_nano.a(lib_a-readr.o)
 .ARM.attributes
                0x00000c70       0x2c c:/program files (x86)/atmel/studio/7.0/toolchain/arm/arm-gnu-toolchain/bin/../lib/gcc/arm-none-eabi/6.3.1/../../../../arm-none-eabi/lib/thumb/v6-m\libc_nano.a(lib_a-nano-msizer.o)
 .ARM.attributes
                0x00000c9c       0x1e c:/program files (x86)/atmel/studio/7.0/toolchain/arm/arm-gnu-toolchain/bin/../lib/gcc/arm-none-eabi/6.3.1/thumb/v6-m/crtn.o

.comment        0x00000000       0x59
 .comment       0x00000000       0x59 src/ASF/common2/services/delay/sam0/systick_counter.o
                                 0x5a (size before relaxing)
 .comment       0x00000059       0x5a src/ASF/common/services/crc32/crc32.o
 .comment       0x00000059       0x5a src/ASF/sam0/boards/board_init.o
 .comment       0x00000059       0x5a src/ASF/sam0/drivers/nvm/nvm.o
 .comment       0x00000059       0x5a src/SerialConsole/circular_buffer.o
 .comment       0x00000059       0x5a src/SerialConsole/SerialConsole.o
 .comment       0x00000059       0x5a src/ASF/common2/components/memory/sd_mmc/sd_mmc.o
 .comment       0x00000059       0x5a src/ASF/common2/components/memory/sd_mmc/sd_mmc_mem.o
 .comment       0x00000059       0x5a src/ASF/common2/components/memory/sd_mmc/sd_mmc_spi.o
 .comment       0x00000059       0x5a src/ASF/common/services/storage/ctrl_access/ctrl_access.o
 .comment       0x00000059       0x5a src/ASF/common/utils/interrupt/interrupt_sam_nvic.o
 .comment       0x00000059       0x5a src/ASF/sam0/drivers/port/port.o
 .comment       0x00000059       0x5a src/ASF/sam0/drivers/rtc/rtc_sam_d_r_h/rtc_calendar.o
 .comment       0x00000059       0x5a src/ASF/sam0/drivers/sercom/sercom.o
 .comment       0x00000059       0x5a src/ASF/sam0/drivers/sercom/sercom_interrupt.o
 .comment       0x00000059       0x5a src/ASF/sam0/drivers/sercom/spi/spi.o
 .comment       0x00000059       0x5a src/ASF/sam0/drivers/sercom/spi/spi_interrupt.o
 .comment       0x00000059       0x5a src/ASF/sam0/drivers/sercom/usart/usart.o
 .comment       0x00000059       0x5a src/ASF/sam0/drivers/sercom/usart/usart_interrupt.o
 .comment       0x00000059       0x5a src/ASF/sam0/drivers/system/clock/clock_samd21_r21_da_ha1/clock.o
 .comment       0x00000059       0x5a src/ASF/sam0/drivers/system/clock/clock_samd21_r21_da_ha1/gclk.o
 .comment       0x00000059       0x5a src/ASF/sam0/drivers/system/pinmux/pinmux.o
 .comment       0x00000059       0x5a src/ASF/sam0/drivers/system/system.o
 .comment       0x00000059       0x5a src/ASF/sam0/utils/cmsis/samd21/source/gcc/startup_samd21.o
 .comment       0x00000059       0x5a src/ASF/sam0/utils/stdio/read.o
 .comment       0x00000059       0x5a src/ASF/sam0/utils/stdio/write.o
 .comment       0x00000059       0x5a src/ASF/sam0/utils/syscalls/gcc/syscalls.o
 .comment       0x00000059       0x5a src/ASF/thirdparty/fatfs/fatfs-port-r0.09/diskio.o
 .comment       0x00000059       0x5a src/ASF/thirdparty/fatfs/fatfs-port-r0.09/sam0/fattime_rtc.o
 .comment       0x00000059       0x5a src/ASF/thirdparty/fatfs/fatfs-r0.09/src/ff.o
 .comment       0x00000059       0x5a src/ASF/thirdparty/fatfs/fatfs-r0.09/src/option/ccsbcs.o
 .comment       0x00000059       0x5a src/example.o

.debug_info     0x00000000    0x467df
 .debug_info    0x00000000      0xb8d src/ASF/common2/services/delay/sam0/systick_counter.o
 .debug_info    0x00000b8d      0xcb5 src/ASF/common/services/crc32/crc32.o
 .debug_info    0x00001842     0x12ad src/ASF/sam0/boards/board_init.o
 .debug_info    0x00002aef     0x2622 src/ASF/sam0/drivers/nvm/nvm.o
 .debug_info    0x00005111      0xd6e src/SerialConsole/circular_buffer.o
 .debug_info    0x00005e7f     0x3b88 src/SerialConsole/SerialConsole.o
 .debug_info    0x00009a07     0x1eac src/ASF/common2/components/memory/sd_mmc/sd_mmc.o
 .debug_info    0x0000b8b3     0x1180 src/ASF/common2/components/memory/sd_mmc/sd_mmc_mem.o
 .debug_info    0x0000ca33     0x47f9 src/ASF/common2/components/memory/sd_mmc/sd_mmc_spi.o
 .debug_info    0x0001122c      0xf2a src/ASF/common/services/storage/ctrl_access/ctrl_access.o
 .debug_info    0x00012156      0xb07 src/ASF/common/utils/interrupt/interrupt_sam_nvic.o
 .debug_info    0x00012c5d     0x12b6 src/ASF/sam0/drivers/port/port.o
 .debug_info    0x00013f13     0x3335 src/ASF/sam0/drivers/rtc/rtc_sam_d_r_h/rtc_calendar.o
 .debug_info    0x00017248     0x2dd3 src/ASF/sam0/drivers/sercom/sercom.o
 .debug_info    0x0001a01b     0x2bcf src/ASF/sam0/drivers/sercom/sercom_interrupt.o
 .debug_info    0x0001cbea     0x5ee5 src/ASF/sam0/drivers/sercom/spi/spi.o
 .debug_info    0x00022acf     0x31a3 src/ASF/sam0/drivers/sercom/spi/spi_interrupt.o
 .debug_info    0x00025c72     0x4ab0 src/ASF/sam0/drivers/sercom/usart/usart.o
 .debug_info    0x0002a722     0x3048 src/ASF/sam0/drivers/sercom/usart/usart_interrupt.o
 .debug_info    0x0002d76a     0x39d4 src/ASF/sam0/drivers/system/clock/clock_samd21_r21_da_ha1/clock.o
 .debug_info    0x0003113e     0x1ec7 src/ASF/sam0/drivers/system/clock/clock_samd21_r21_da_ha1/gclk.o
 .debug_info    0x00033005     0x13f3 src/ASF/sam0/drivers/system/pinmux/pinmux.o
 .debug_info    0x000343f8      0xa73 src/ASF/sam0/drivers/system/system.o
 .debug_info    0x00034e6b     0x3a3f src/ASF/sam0/utils/cmsis/samd21/source/gcc/startup_samd21.o
 .debug_info    0x000388aa      0xacf src/ASF/sam0/utils/stdio/read.o
 .debug_info    0x00039379      0xacc src/ASF/sam0/utils/stdio/write.o
 .debug_info    0x00039e45      0xd98 src/ASF/sam0/utils/syscalls/gcc/syscalls.o
 .debug_info    0x0003abdd     0x2552 src/ASF/thirdparty/fatfs/fatfs-port-r0.09/diskio.o
 .debug_info    0x0003d12f     0x1f26 src/ASF/thirdparty/fatfs/fatfs-port-r0.09/sam0/fattime_rtc.o
 .debug_info    0x0003f055     0x3408 src/ASF/thirdparty/fatfs/fatfs-r0.09/src/ff.o
 .debug_info    0x0004245d      0x16d src/ASF/thirdparty/fatfs/fatfs-r0.09/src/option/ccsbcs.o
 .debug_info    0x000425ca     0x4215 src/example.o

.debug_abbrev   0x00000000     0x69f2
 .debug_abbrev  0x00000000      0x24b src/ASF/common2/services/delay/sam0/systick_counter.o
 .debug_abbrev  0x0000024b      0x27f src/ASF/common/services/crc32/crc32.o
 .debug_abbrev  0x000004ca      0x2dc src/ASF/sam0/boards/board_init.o
 .debug_abbrev  0x000007a6      0x491 src/ASF/sam0/drivers/nvm/nvm.o
 .debug_abbrev  0x00000c37      0x2db src/SerialConsole/circular_buffer.o
 .debug_abbrev  0x00000f12      0x501 src/SerialConsole/SerialConsole.o
 .debug_abbrev  0x00001413      0x3e4 src/ASF/common2/components/memory/sd_mmc/sd_mmc.o
 .debug_abbrev  0x000017f7      0x2fd src/ASF/common2/components/memory/sd_mmc/sd_mmc_mem.o
 .debug_abbrev  0x00001af4      0x51b src/ASF/common2/components/memory/sd_mmc/sd_mmc_spi.o
 .debug_abbrev  0x0000200f      0x29f src/ASF/common/services/storage/ctrl_access/ctrl_access.o
 .debug_abbrev  0x000022ae      0x22c src/ASF/common/utils/interrupt/interrupt_sam_nvic.o
 .debug_abbrev  0x000024da      0x298 src/ASF/sam0/drivers/port/port.o
 .debug_abbrev  0x00002772      0x4c8 src/ASF/sam0/drivers/rtc/rtc_sam_d_r_h/rtc_calendar.o
 .debug_abbrev  0x00002c3a      0x378 src/ASF/sam0/drivers/sercom/sercom.o
 .debug_abbrev  0x00002fb2      0x2d8 src/ASF/sam0/drivers/sercom/sercom_interrupt.o
 .debug_abbrev  0x0000328a      0x510 src/ASF/sam0/drivers/sercom/spi/spi.o
 .debug_abbrev  0x0000379a      0x3fd src/ASF/sam0/drivers/sercom/spi/spi_interrupt.o
 .debug_abbrev  0x00003b97      0x488 src/ASF/sam0/drivers/sercom/usart/usart.o
 .debug_abbrev  0x0000401f      0x416 src/ASF/sam0/drivers/sercom/usart/usart_interrupt.o
 .debug_abbrev  0x00004435      0x493 src/ASF/sam0/drivers/system/clock/clock_samd21_r21_da_ha1/clock.o
 .debug_abbrev  0x000048c8      0x40d src/ASF/sam0/drivers/system/clock/clock_samd21_r21_da_ha1/gclk.o
 .debug_abbrev  0x00004cd5      0x361 src/ASF/sam0/drivers/system/pinmux/pinmux.o
 .debug_abbrev  0x00005036      0x1e1 src/ASF/sam0/drivers/system/system.o
 .debug_abbrev  0x00005217      0x234 src/ASF/sam0/utils/cmsis/samd21/source/gcc/startup_samd21.o
 .debug_abbrev  0x0000544b      0x218 src/ASF/sam0/utils/stdio/read.o
 .debug_abbrev  0x00005663      0x203 src/ASF/sam0/utils/stdio/write.o
 .debug_abbrev  0x00005866      0x257 src/ASF/sam0/utils/syscalls/gcc/syscalls.o
 .debug_abbrev  0x00005abd      0x400 src/ASF/thirdparty/fatfs/fatfs-port-r0.09/diskio.o
 .debug_abbrev  0x00005ebd      0x260 src/ASF/thirdparty/fatfs/fatfs-port-r0.09/sam0/fattime_rtc.o
 .debug_abbrev  0x0000611d      0x361 src/ASF/thirdparty/fatfs/fatfs-r0.09/src/ff.o
 .debug_abbrev  0x0000647e       0xc7 src/ASF/thirdparty/fatfs/fatfs-r0.09/src/option/ccsbcs.o
 .debug_abbrev  0x00006545      0x4ad src/example.o

.debug_loc      0x00000000    0x10d6e
 .debug_loc     0x00000000       0xe4 src/ASF/common2/services/delay/sam0/systick_counter.o
 .debug_loc     0x000000e4      0x439 src/ASF/common/services/crc32/crc32.o
 .debug_loc     0x0000051d       0x8a src/ASF/sam0/boards/board_init.o
 .debug_loc     0x000005a7     0x10c4 src/ASF/sam0/drivers/nvm/nvm.o
 .debug_loc     0x0000166b      0x387 src/SerialConsole/circular_buffer.o
 .debug_loc     0x000019f2      0x45e src/SerialConsole/SerialConsole.o
 .debug_loc     0x00001e50      0xf94 src/ASF/common2/components/memory/sd_mmc/sd_mmc.o
 .debug_loc     0x00002de4      0x615 src/ASF/common2/components/memory/sd_mmc/sd_mmc_mem.o
 .debug_loc     0x000033f9      0x98f src/ASF/common2/components/memory/sd_mmc/sd_mmc_spi.o
 .debug_loc     0x00003d88      0x4a8 src/ASF/common/services/storage/ctrl_access/ctrl_access.o
 .debug_loc     0x00004230      0x13d src/ASF/sam0/drivers/port/port.o
 .debug_loc     0x0000436d      0x945 src/ASF/sam0/drivers/rtc/rtc_sam_d_r_h/rtc_calendar.o
 .debug_loc     0x00004cb2      0x9d5 src/ASF/sam0/drivers/sercom/sercom.o
 .debug_loc     0x00005687      0x161 src/ASF/sam0/drivers/sercom/sercom_interrupt.o
 .debug_loc     0x000057e8     0x19c3 src/ASF/sam0/drivers/sercom/spi/spi.o
 .debug_loc     0x000071ab      0x632 src/ASF/sam0/drivers/sercom/spi/spi_interrupt.o
 .debug_loc     0x000077dd      0xe2f src/ASF/sam0/drivers/sercom/usart/usart.o
 .debug_loc     0x0000860c      0x711 src/ASF/sam0/drivers/sercom/usart/usart_interrupt.o
 .debug_loc     0x00008d1d      0xf7d src/ASF/sam0/drivers/system/clock/clock_samd21_r21_da_ha1/clock.o
 .debug_loc     0x00009c9a      0x504 src/ASF/sam0/drivers/system/clock/clock_samd21_r21_da_ha1/gclk.o
 .debug_loc     0x0000a19e      0x36d src/ASF/sam0/drivers/system/pinmux/pinmux.o
 .debug_loc     0x0000a50b       0x20 src/ASF/sam0/drivers/system/system.o
 .debug_loc     0x0000a52b       0x40 src/ASF/sam0/utils/cmsis/samd21/source/gcc/startup_samd21.o
 .debug_loc     0x0000a56b       0xca src/ASF/sam0/utils/stdio/read.o
 .debug_loc     0x0000a635      0x130 src/ASF/sam0/utils/stdio/write.o
 .debug_loc     0x0000a765       0xef src/ASF/sam0/utils/syscalls/gcc/syscalls.o
 .debug_loc     0x0000a854      0x645 src/ASF/thirdparty/fatfs/fatfs-port-r0.09/diskio.o
 .debug_loc     0x0000ae99       0x2c src/ASF/thirdparty/fatfs/fatfs-port-r0.09/sam0/fattime_rtc.o
 .debug_loc     0x0000aec5     0x5a94 src/ASF/thirdparty/fatfs/fatfs-r0.09/src/ff.o
 .debug_loc     0x00010959      0x109 src/ASF/thirdparty/fatfs/fatfs-r0.09/src/option/ccsbcs.o
 .debug_loc     0x00010a62      0x30c src/example.o

.debug_aranges  0x00000000      0xb58
 .debug_aranges
                0x00000000       0x30 src/ASF/common2/services/delay/sam0/systick_counter.o
 .debug_aranges
                0x00000030       0x20 src/ASF/common/services/crc32/crc32.o
 .debug_aranges
                0x00000050       0x20 src/ASF/sam0/boards/board_init.o
 .debug_aranges
                0x00000070       0x68 src/ASF/sam0/drivers/nvm/nvm.o
 .debug_aranges
                0x000000d8       0x70 src/SerialConsole/circular_buffer.o
 .debug_aranges
                0x00000148       0x70 src/SerialConsole/SerialConsole.o
 .debug_aranges
                0x000001b8       0xa8 src/ASF/common2/components/memory/sd_mmc/sd_mmc.o
 .debug_aranges
                0x00000260       0xc0 src/ASF/common2/components/memory/sd_mmc/sd_mmc_mem.o
 .debug_aranges
                0x00000320       0xb8 src/ASF/common2/components/memory/sd_mmc/sd_mmc_spi.o
 .debug_aranges
                0x000003d8       0x70 src/ASF/common/services/storage/ctrl_access/ctrl_access.o
 .debug_aranges
                0x00000448       0x28 src/ASF/common/utils/interrupt/interrupt_sam_nvic.o
 .debug_aranges
                0x00000470       0x28 src/ASF/sam0/drivers/port/port.o
 .debug_aranges
                0x00000498       0x78 src/ASF/sam0/drivers/rtc/rtc_sam_d_r_h/rtc_calendar.o
 .debug_aranges
                0x00000510       0x48 src/ASF/sam0/drivers/sercom/sercom.o
 .debug_aranges
                0x00000558       0x60 src/ASF/sam0/drivers/sercom/sercom_interrupt.o
 .debug_aranges
                0x000005b8       0x58 src/ASF/sam0/drivers/sercom/spi/spi.o
 .debug_aranges
                0x00000610       0x50 src/ASF/sam0/drivers/sercom/spi/spi_interrupt.o
 .debug_aranges
                0x00000660       0x40 src/ASF/sam0/drivers/sercom/usart/usart.o
 .debug_aranges
                0x000006a0       0x70 src/ASF/sam0/drivers/sercom/usart/usart_interrupt.o
 .debug_aranges
                0x00000710       0x78 src/ASF/sam0/drivers/system/clock/clock_samd21_r21_da_ha1/clock.o
 .debug_aranges
                0x00000788       0x80 src/ASF/sam0/drivers/system/clock/clock_samd21_r21_da_ha1/gclk.o
 .debug_aranges
                0x00000808       0x40 src/ASF/sam0/drivers/system/pinmux/pinmux.o
 .debug_aranges
                0x00000848       0x28 src/ASF/sam0/drivers/system/system.o
 .debug_aranges
                0x00000870       0x28 src/ASF/sam0/utils/cmsis/samd21/source/gcc/startup_samd21.o
 .debug_aranges
                0x00000898       0x20 src/ASF/sam0/utils/stdio/read.o
 .debug_aranges
                0x000008b8       0x20 src/ASF/sam0/utils/stdio/write.o
 .debug_aranges
                0x000008d8       0x60 src/ASF/sam0/utils/syscalls/gcc/syscalls.o
 .debug_aranges
                0x00000938       0x40 src/ASF/thirdparty/fatfs/fatfs-port-r0.09/diskio.o
 .debug_aranges
                0x00000978       0x20 src/ASF/thirdparty/fatfs/fatfs-port-r0.09/sam0/fattime_rtc.o
 .debug_aranges
                0x00000998      0x170 src/ASF/thirdparty/fatfs/fatfs-r0.09/src/ff.o
 .debug_aranges
                0x00000b08       0x28 src/ASF/thirdparty/fatfs/fatfs-r0.09/src/option/ccsbcs.o
 .debug_aranges
                0x00000b30       0x28 src/example.o

.debug_ranges   0x00000000     0x10a0
 .debug_ranges  0x00000000       0x50 src/ASF/common2/services/delay/sam0/systick_counter.o
 .debug_ranges  0x00000050       0x30 src/ASF/common/services/crc32/crc32.o
 .debug_ranges  0x00000080       0x10 src/ASF/sam0/boards/board_init.o
 .debug_ranges  0x00000090      0x118 src/ASF/sam0/drivers/nvm/nvm.o
 .debug_ranges  0x000001a8       0x60 src/SerialConsole/circular_buffer.o
 .debug_ranges  0x00000208       0x60 src/SerialConsole/SerialConsole.o
 .debug_ranges  0x00000268      0x1d8 src/ASF/common2/components/memory/sd_mmc/sd_mmc.o
 .debug_ranges  0x00000440       0xb0 src/ASF/common2/components/memory/sd_mmc/sd_mmc_mem.o
 .debug_ranges  0x000004f0       0xa8 src/ASF/common2/components/memory/sd_mmc/sd_mmc_spi.o
 .debug_ranges  0x00000598       0x60 src/ASF/common/services/storage/ctrl_access/ctrl_access.o
 .debug_ranges  0x000005f8       0x18 src/ASF/common/utils/interrupt/interrupt_sam_nvic.o
 .debug_ranges  0x00000610       0x18 src/ASF/sam0/drivers/port/port.o
 .debug_ranges  0x00000628       0xb0 src/ASF/sam0/drivers/rtc/rtc_sam_d_r_h/rtc_calendar.o
 .debug_ranges  0x000006d8       0x50 src/ASF/sam0/drivers/sercom/sercom.o
 .debug_ranges  0x00000728       0x50 src/ASF/sam0/drivers/sercom/sercom_interrupt.o
 .debug_ranges  0x00000778      0x240 src/ASF/sam0/drivers/sercom/spi/spi.o
 .debug_ranges  0x000009b8       0xb8 src/ASF/sam0/drivers/sercom/spi/spi_interrupt.o
 .debug_ranges  0x00000a70      0x140 src/ASF/sam0/drivers/sercom/usart/usart.o
 .debug_ranges  0x00000bb0       0x60 src/ASF/sam0/drivers/sercom/usart/usart_interrupt.o
 .debug_ranges  0x00000c10       0x68 src/ASF/sam0/drivers/system/clock/clock_samd21_r21_da_ha1/clock.o
 .debug_ranges  0x00000c78       0x88 src/ASF/sam0/drivers/system/clock/clock_samd21_r21_da_ha1/gclk.o
 .debug_ranges  0x00000d00       0x30 src/ASF/sam0/drivers/system/pinmux/pinmux.o
 .debug_ranges  0x00000d30       0x18 src/ASF/sam0/drivers/system/system.o
 .debug_ranges  0x00000d48       0x18 src/ASF/sam0/utils/cmsis/samd21/source/gcc/startup_samd21.o
 .debug_ranges  0x00000d60       0x10 src/ASF/sam0/utils/stdio/read.o
 .debug_ranges  0x00000d70       0x10 src/ASF/sam0/utils/stdio/write.o
 .debug_ranges  0x00000d80       0x50 src/ASF/sam0/utils/syscalls/gcc/syscalls.o
 .debug_ranges  0x00000dd0       0x30 src/ASF/thirdparty/fatfs/fatfs-port-r0.09/diskio.o
 .debug_ranges  0x00000e00       0x10 src/ASF/thirdparty/fatfs/fatfs-port-r0.09/sam0/fattime_rtc.o
 .debug_ranges  0x00000e10      0x260 src/ASF/thirdparty/fatfs/fatfs-r0.09/src/ff.o
 .debug_ranges  0x00001070       0x18 src/ASF/thirdparty/fatfs/fatfs-r0.09/src/option/ccsbcs.o
 .debug_ranges  0x00001088       0x18 src/example.o

.debug_macro    0x00000000    0x20331
 .debug_macro   0x00000000      0x539 src/ASF/common2/services/delay/sam0/systick_counter.o
 .debug_macro   0x00000539      0x8ce src/ASF/common2/services/delay/sam0/systick_counter.o
 .debug_macro   0x00000e07      0x16d src/ASF/common2/services/delay/sam0/systick_counter.o
 .debug_macro   0x00000f74      0x6d7 src/ASF/common2/services/delay/sam0/systick_counter.o
 .debug_macro   0x0000164b       0x22 src/ASF/common2/services/delay/sam0/systick_counter.o
 .debug_macro   0x0000166d       0x87 src/ASF/common2/services/delay/sam0/systick_counter.o
 .debug_macro   0x000016f4       0x51 src/ASF/common2/services/delay/sam0/systick_counter.o
 .debug_macro   0x00001745       0xef src/ASF/common2/services/delay/sam0/systick_counter.o
 .debug_macro   0x00001834       0x6a src/ASF/common2/services/delay/sam0/systick_counter.o
 .debug_macro   0x0000189e      0x1df src/ASF/common2/services/delay/sam0/systick_counter.o
 .debug_macro   0x00001a7d       0x10 src/ASF/common2/services/delay/sam0/systick_counter.o
 .debug_macro   0x00001a8d       0x76 src/ASF/common2/services/delay/sam0/systick_counter.o
 .debug_macro   0x00001b03       0x16 src/ASF/common2/services/delay/sam0/systick_counter.o
 .debug_macro   0x00001b19      0x6db src/ASF/common2/services/delay/sam0/systick_counter.o
 .debug_macro   0x000021f4      0xdd8 src/ASF/common2/services/delay/sam0/systick_counter.o
 .debug_macro   0x00002fcc       0x22 src/ASF/common2/services/delay/sam0/systick_counter.o
 .debug_macro   0x00002fee       0x40 src/ASF/common2/services/delay/sam0/systick_counter.o
 .debug_macro   0x0000302e       0x3a src/ASF/common2/services/delay/sam0/systick_counter.o
 .debug_macro   0x00003068       0x1f src/ASF/common2/services/delay/sam0/systick_counter.o
 .debug_macro   0x00003087      0x250 src/ASF/common2/services/delay/sam0/systick_counter.o
 .debug_macro   0x000032d7      0x681 src/ASF/common2/services/delay/sam0/systick_counter.o
 .debug_macro   0x00003958      0x8b5 src/ASF/common2/services/delay/sam0/systick_counter.o
 .debug_macro   0x0000420d      0x230 src/ASF/common2/services/delay/sam0/systick_counter.o
 .debug_macro   0x0000443d      0xd60 src/ASF/common2/services/delay/sam0/systick_counter.o
 .debug_macro   0x0000519d      0x4cb src/ASF/common2/services/delay/sam0/systick_counter.o
 .debug_macro   0x00005668      0x9f8 src/ASF/common2/services/delay/sam0/systick_counter.o
 .debug_macro   0x00006060      0x82b src/ASF/common2/services/delay/sam0/systick_counter.o